Archive member included to satisfy reference by file (symbol)

/Applications/STM32CubeIDE.app/Contents/Eclipse/plugins/com.st.stm32cube.ide.mcu.externaltools.gnu-tools-for-stm32.11.3.rel1.macos64_1.1.0.202305231506/tools/bin/../lib/gcc/arm-none-eabi/11.3.1/../../../../arm-none-eabi/lib/thumb/v7e-m+dp/hard/libc_nano.a(libc_a-calloc.o)
                              ./Core/Src/main.o (calloc)
/Applications/STM32CubeIDE.app/Contents/Eclipse/plugins/com.st.stm32cube.ide.mcu.externaltools.gnu-tools-for-stm32.11.3.rel1.macos64_1.1.0.202305231506/tools/bin/../lib/gcc/arm-none-eabi/11.3.1/../../../../arm-none-eabi/lib/thumb/v7e-m+dp/hard/libc_nano.a(libc_a-callocr.o)
                              /Applications/STM32CubeIDE.app/Contents/Eclipse/plugins/com.st.stm32cube.ide.mcu.externaltools.gnu-tools-for-stm32.11.3.rel1.macos64_1.1.0.202305231506/tools/bin/../lib/gcc/arm-none-eabi/11.3.1/../../../../arm-none-eabi/lib/thumb/v7e-m+dp/hard/libc_nano.a(libc_a-calloc.o) (_calloc_r)
/Applications/STM32CubeIDE.app/Contents/Eclipse/plugins/com.st.stm32cube.ide.mcu.externaltools.gnu-tools-for-stm32.11.3.rel1.macos64_1.1.0.202305231506/tools/bin/../lib/gcc/arm-none-eabi/11.3.1/../../../../arm-none-eabi/lib/thumb/v7e-m+dp/hard/libc_nano.a(libc_a-exit.o)
                              /Applications/STM32CubeIDE.app/Contents/Eclipse/plugins/com.st.stm32cube.ide.mcu.externaltools.gnu-tools-for-stm32.11.3.rel1.macos64_1.1.0.202305231506/tools/bin/../lib/gcc/arm-none-eabi/11.3.1/../../../../arm-none-eabi/lib/thumb/v7e-m+dp/hard/crt0.o (exit)
/Applications/STM32CubeIDE.app/Contents/Eclipse/plugins/com.st.stm32cube.ide.mcu.externaltools.gnu-tools-for-stm32.11.3.rel1.macos64_1.1.0.202305231506/tools/bin/../lib/gcc/arm-none-eabi/11.3.1/../../../../arm-none-eabi/lib/thumb/v7e-m+dp/hard/libc_nano.a(libc_a-nano-vfprintf_float.o)
                              (_printf_float)
/Applications/STM32CubeIDE.app/Contents/Eclipse/plugins/com.st.stm32cube.ide.mcu.externaltools.gnu-tools-for-stm32.11.3.rel1.macos64_1.1.0.202305231506/tools/bin/../lib/gcc/arm-none-eabi/11.3.1/../../../../arm-none-eabi/lib/thumb/v7e-m+dp/hard/libc_nano.a(libc_a-malloc.o)
                              ./Core/Src/gameUtility.o (malloc)
/Applications/STM32CubeIDE.app/Contents/Eclipse/plugins/com.st.stm32cube.ide.mcu.externaltools.gnu-tools-for-stm32.11.3.rel1.macos64_1.1.0.202305231506/tools/bin/../lib/gcc/arm-none-eabi/11.3.1/../../../../arm-none-eabi/lib/thumb/v7e-m+dp/hard/libc_nano.a(libc_a-mallocr.o)
                              /Applications/STM32CubeIDE.app/Contents/Eclipse/plugins/com.st.stm32cube.ide.mcu.externaltools.gnu-tools-for-stm32.11.3.rel1.macos64_1.1.0.202305231506/tools/bin/../lib/gcc/arm-none-eabi/11.3.1/../../../../arm-none-eabi/lib/thumb/v7e-m+dp/hard/libc_nano.a(libc_a-callocr.o) (_malloc_r)
/Applications/STM32CubeIDE.app/Contents/Eclipse/plugins/com.st.stm32cube.ide.mcu.externaltools.gnu-tools-for-stm32.11.3.rel1.macos64_1.1.0.202305231506/tools/bin/../lib/gcc/arm-none-eabi/11.3.1/../../../../arm-none-eabi/lib/thumb/v7e-m+dp/hard/libc_nano.a(libc_a-nano-vfprintf_i.o)
                              /Applications/STM32CubeIDE.app/Contents/Eclipse/plugins/com.st.stm32cube.ide.mcu.externaltools.gnu-tools-for-stm32.11.3.rel1.macos64_1.1.0.202305231506/tools/bin/../lib/gcc/arm-none-eabi/11.3.1/../../../../arm-none-eabi/lib/thumb/v7e-m+dp/hard/libc_nano.a(libc_a-nano-vfprintf_float.o) (_printf_common)
/Applications/STM32CubeIDE.app/Contents/Eclipse/plugins/com.st.stm32cube.ide.mcu.externaltools.gnu-tools-for-stm32.11.3.rel1.macos64_1.1.0.202305231506/tools/bin/../lib/gcc/arm-none-eabi/11.3.1/../../../../arm-none-eabi/lib/thumb/v7e-m+dp/hard/libc_nano.a(libc_a-mlock.o)
                              /Applications/STM32CubeIDE.app/Contents/Eclipse/plugins/com.st.stm32cube.ide.mcu.externaltools.gnu-tools-for-stm32.11.3.rel1.macos64_1.1.0.202305231506/tools/bin/../lib/gcc/arm-none-eabi/11.3.1/../../../../arm-none-eabi/lib/thumb/v7e-m+dp/hard/libc_nano.a(libc_a-mallocr.o) (__malloc_lock)
/Applications/STM32CubeIDE.app/Contents/Eclipse/plugins/com.st.stm32cube.ide.mcu.externaltools.gnu-tools-for-stm32.11.3.rel1.macos64_1.1.0.202305231506/tools/bin/../lib/gcc/arm-none-eabi/11.3.1/../../../../arm-none-eabi/lib/thumb/v7e-m+dp/hard/libc_nano.a(libc_a-sprintf.o)
                              ./Core/Src/gameUtility.o (sprintf)
/Applications/STM32CubeIDE.app/Contents/Eclipse/plugins/com.st.stm32cube.ide.mcu.externaltools.gnu-tools-for-stm32.11.3.rel1.macos64_1.1.0.202305231506/tools/bin/../lib/gcc/arm-none-eabi/11.3.1/../../../../arm-none-eabi/lib/thumb/v7e-m+dp/hard/libc_nano.a(libc_a-rand.o)
                              ./Core/Src/main.o (srand)
/Applications/STM32CubeIDE.app/Contents/Eclipse/plugins/com.st.stm32cube.ide.mcu.externaltools.gnu-tools-for-stm32.11.3.rel1.macos64_1.1.0.202305231506/tools/bin/../lib/gcc/arm-none-eabi/11.3.1/../../../../arm-none-eabi/lib/thumb/v7e-m+dp/hard/libc_nano.a(libc_a-findfp.o)
[...]
Memory Configuration

Name             Origin             Length             Attributes
RAM              0x0000000020000000 0x0000000000080000 xrw
FLASH            0x0000000008000000 0x0000000000200000 xr
*default*        0x0000000000000000 0xffffffffffffffff

Linker script and memory map

LOAD /Applications/STM32CubeIDE.app/Contents/Eclipse/plugins/com.st.stm32cube.ide.mcu.externaltools.gnu-tools-for-stm32.11.3.rel1.macos64_1.1.0.202305231506/tools/bin/../lib/gcc/arm-none-eabi/11.3.1/thumb/v7e-m+dp/hard/crti.o
LOAD /Applications/STM32CubeIDE.app/Contents/Eclipse/plugins/com.st.stm32cube.ide.mcu.externaltools.gnu-tools-for-stm32.11.3.rel1.macos64_1.1.0.202305231506/tools/bin/../lib/gcc/arm-none-eabi/11.3.1/thumb/v7e-m+dp/hard/crtbegin.o
LOAD /Applications/STM32CubeIDE.app/Contents/Eclipse/plugins/com.st.stm32cube.ide.mcu.externaltools.gnu-tools-for-stm32.11.3.rel1.macos64_1.1.0.202305231506/tools/bin/../lib/gcc/arm-none-eabi/11.3.1/../../../../arm-none-eabi/lib/thumb/v7e-m+dp/hard/crt0.o
LOAD ./Core/Src/adc.o
LOAD ./Core/Src/dma.o
LOAD ./Core/Src/gameUtility.o
LOAD ./Core/Src/gpio.o
LOAD ./Core/Src/icons.o
LOAD ./Core/Src/lcd.o
LOAD ./Core/Src/main.o
LOAD ./Core/Src/map.o
LOAD ./Core/Src/rng.o
LOAD ./Core/Src/spi.o
LOAD ./Core/Src/stm32f7xx_hal_msp.o
LOAD ./Core/Src/stm32f7xx_it.o
LOAD ./Core/Src/syscalls.o
LOAD ./Core/Src/sysmem.o
LOAD ./Core/Src/system_stm32f7xx.o
LOAD ./Core/Src/tim.o
LOAD ./Core/Src/usart.o
LOAD ./Core/Src/utiliity.o
LOAD ./Core/Startup/startup_stm32f767zitx.o
LOAD ./Drivers/ILI9341/ILI9341_GFX.o
LOAD ./Drivers/ILI9341/ILI9341_STM32_Driver.o
LOAD ./Drivers/ILI9341/ILI9341_Touchscreen.o
LOAD ./Drivers/STM32F7xx_HAL_Driver/Src/stm32f7xx_hal.o
LOAD ./Drivers/STM32F7xx_HAL_Driver/Src/stm32f7xx_hal_adc.o
LOAD ./Drivers/STM32F7xx_HAL_Driver/Src/stm32f7xx_hal_adc_ex.o
LOAD ./Drivers/STM32F7xx_HAL_Driver/Src/stm32f7xx_hal_cortex.o
LOAD ./Drivers/STM32F7xx_HAL_Driver/Src/stm32f7xx_hal_dma.o
LOAD ./Drivers/STM32F7xx_HAL_Driver/Src/stm32f7xx_hal_dma_ex.o
LOAD ./Drivers/STM32F7xx_HAL_Driver/Src/stm32f7xx_hal_exti.o
LOAD ./Drivers/STM32F7xx_HAL_Driver/Src/stm32f7xx_hal_flash.o
LOAD ./Drivers/STM32F7xx_HAL_Driver/Src/stm32f7xx_hal_flash_ex.o
LOAD ./Drivers/STM32F7xx_HAL_Driver/Src/stm32f7xx_hal_gpio.o
LOAD ./Drivers/STM32F7xx_HAL_Driver/Src/stm32f7xx_hal_i2c.o
LOAD ./Drivers/STM32F7xx_HAL_Driver/Src/stm32f7xx_hal_i2c_ex.o
LOAD ./Drivers/STM32F7xx_HAL_Driver/Src/stm32f7xx_hal_pwr.o
LOAD ./Drivers/STM32F7xx_HAL_Driver/Src/stm32f7xx_hal_pwr_ex.o
LOAD ./Drivers/STM32F7xx_HAL_Driver/Src/stm32f7xx_hal_rcc.o
LOAD ./Drivers/STM32F7xx_HAL_Driver/Src/stm32f7xx_hal_rcc_ex.o
LOAD ./Drivers/STM32F7xx_HAL_Driver/Src/stm32f7xx_hal_rng.o
LOAD ./Drivers/STM32F7xx_HAL_Driver/Src/stm32f7xx_hal_spi.o
LOAD ./Drivers/STM32F7xx_HAL_Driver/Src/stm32f7xx_hal_spi_ex.o
LOAD ./Drivers/STM32F7xx_HAL_Driver/Src/stm32f7xx_hal_tim.o
LOAD ./Drivers/STM32F7xx_HAL_Driver/Src/stm32f7xx_hal_tim_ex.o
LOAD ./Drivers/STM32F7xx_HAL_Driver/Src/stm32f7xx_hal_uart.o
LOAD ./Drivers/STM32F7xx_HAL_Driver/Src/stm32f7xx_hal_uart_ex.o
START GROUP
LOAD /Applications/STM32CubeIDE.app/Contents/Eclipse/plugins/com.st.stm32cube.ide.mcu.externaltools.gnu-tools-for-stm32.11.3.rel1.macos64_1.1.0.202305231506/tools/bin/../lib/gcc/arm-none-eabi/11.3.1/../../../../arm-none-eabi/lib/thumb/v7e-m+dp/hard/libc_nano.a
LOAD /Applications/STM32CubeIDE.app/Contents/Eclipse/plugins/com.st.stm32cube.ide.mcu.externaltools.gnu-tools-for-stm32.11.3.rel1.macos64_1.1.0.202305231506/tools/bin/../lib/gcc/arm-none-eabi/11.3.1/../../../../arm-none-eabi/lib/thumb/v7e-m+dp/hard/libm.a
END GROUP
START GROUP
LOAD /Applications/STM32CubeIDE.app/Contents/Eclipse/plugins/com.st.stm32cube.ide.mcu.externaltools.gnu-tools-for-stm32.11.3.rel1.macos64_1.1.0.202305231506/tools/bin/../lib/gcc/arm-none-eabi/11.3.1/thumb/v7e-m+dp/hard/libgcc.a
LOAD /Applications/STM32CubeIDE.app/Contents/Eclipse/plugins/com.st.stm32cube.ide.mcu.externaltools.gnu-tools-for-stm32.11.3.rel1.macos64_1.1.0.202305231506/tools/bin/../lib/gcc/arm-none-eabi/11.3.1/../../../../arm-none-eabi/lib/thumb/v7e-m+dp/hard/libc_nano.a
END GROUP
START GROUP
LOAD /Applications/STM32CubeIDE.app/Contents/Eclipse/plugins/com.st.stm32cube.ide.mcu.externaltools.gnu-tools-for-stm32.11.3.rel1.macos64_1.1.0.202305231506/tools/bin/../lib/gcc/arm-none-eabi/11.3.1/thumb/v7e-m+dp/hard/libgcc.a
LOAD /Applications/STM32CubeIDE.app/Contents/Eclipse/plugins/com.st.stm32cube.ide.mcu.externaltools.gnu-tools-for-stm32.11.3.rel1.macos64_1.1.0.202305231506/tools/bin/../lib/gcc/arm-none-eabi/11.3.1/../../../../arm-none-eabi/lib/thumb/v7e-m+dp/hard/libc_nano.a
LOAD /Applications/STM32CubeIDE.app/Contents/Eclipse/plugins/com.st.stm32cube.ide.mcu.externaltools.gnu-tools-for-stm32.11.3.rel1.macos64_1.1.0.202305231506/tools/bin/../lib/gcc/arm-none-eabi/11.3.1/../../../../arm-none-eabi/lib/thumb/v7e-m+dp/hard/libnosys.a
END GROUP
START GROUP
LOAD /Applications/STM32CubeIDE.app/Contents/Eclipse/plugins/com.st.stm32cube.ide.mcu.externaltools.gnu-tools-for-stm32.11.3.rel1.macos64_1.1.0.202305231506/tools/bin/../lib/gcc/arm-none-eabi/11.3.1/thumb/v7e-m+dp/hard/libgcc.a
LOAD /Applications/STM32CubeIDE.app/Contents/Eclipse/plugins/com.st.stm32cube.ide.mcu.externaltools.gnu-tools-for-stm32.11.3.rel1.macos64_1.1.0.202305231506/tools/bin/../lib/gcc/arm-none-eabi/11.3.1/../../../../arm-none-eabi/lib/thumb/v7e-m+dp/hard/libc_nano.a
LOAD /Applications/STM32CubeIDE.app/Contents/Eclipse/plugins/com.st.stm32cube.ide.mcu.externaltools.gnu-tools-for-stm32.11.3.rel1.macos64_1.1.0.202305231506/tools/bin/../lib/gcc/arm-none-eabi/11.3.1/../../../../arm-none-eabi/lib/thumb/v7e-m+dp/hard/libnosys.a
END GROUP
LOAD /Applications/STM32CubeIDE.app/Contents/Eclipse/plugins/com.st.stm32cube.ide.mcu.externaltools.gnu-tools-for-stm32.11.3.rel1.macos64_1.1.0.202305231506/tools/bin/../lib/gcc/arm-none-eabi/11.3.1/thumb/v7e-m+dp/hard/crtend.o
LOAD /Applications/STM32CubeIDE.app/Contents/Eclipse/plugins/com.st.stm32cube.ide.mcu.externaltools.gnu-tools-for-stm32.11.3.rel1.macos64_1.1.0.202305231506/tools/bin/../lib/gcc/arm-none-eabi/11.3.1/thumb/v7e-m+dp/hard/crtn.o
                0x0000000020080000                _estack = (ORIGIN (RAM) + LENGTH (RAM))
                0x0000000000000200                _Min_Heap_Size = 0x200
                0x0000000000000400                _Min_Stack_Size = 0x400

.isr_vector     0x0000000008000000      0x1f8
                0x0000000008000000                . = ALIGN (0x4)
 *(.isr_vector)
 .isr_vector    0x0000000008000000      0x1f8 ./Core/Startup/startup_stm32f767zitx.o
                0x0000000008000000                g_pfnVectors
                0x00000000080001f8                . = ALIGN (0x4)

.text           0x0000000008000200     0xebd0
                0x0000000008000200                . = ALIGN (0x4)
 *(.text)
 .text          0x0000000008000200       0x40 /Applications/STM32CubeIDE.app/Contents/Eclipse/plugins/com.st.stm32cube.ide.mcu.externaltools.gnu-tools-for-stm32.11.3.rel1.macos64_1.1.0.202305231506/tools/bin/../lib/gcc/arm-none-eabi/11.3.1/thumb/v7e-m+dp/hard/crtbegin.o
 .text          0x0000000008000240       0xa0 /Applications/STM32CubeIDE.app/Contents/Eclipse/plugins/com.st.stm32cube.ide.mcu.externaltools.gnu-tools-for-stm32.11.3.rel1.macos64_1.1.0.202305231506/tools/bin/../lib/gcc/arm-none-eabi/11.3.1/../../../../arm-none-eabi/lib/thumb/v7e-m+dp/hard/libc_nano.a(libc_a-memchr.o)
                0x0000000008000240                memchr
 .text          0x00000000080002e0       0x10 /Applications/STM32CubeIDE.app/Contents/Eclipse/plugins/com.st.stm32cube.ide.mcu.externaltools.gnu-tools-for-stm32.11.3.rel1.macos64_1.1.0.202305231506/tools/bin/../lib/gcc/arm-none-eabi/11.3.1/../../../../arm-none-eabi/lib/thumb/v7e-m+dp/hard/libc_nano.a(libc_a-strlen.o)
                0x00000000080002e0                strlen
 .text          0x00000000080002f0       0x30 /Applications/STM32CubeIDE.app/Contents/Eclipse/plugins/com.st.stm32cube.ide.mcu.externaltools.gnu-tools-for-stm32.11.3.rel1.macos64_1.1.0.202305231506/tools/bin/../lib/gcc/arm-none-eabi/11.3.1/thumb/v7e-m+dp/hard/libgcc.a(_aeabi_uldivmod.o)
                0x00000000080002f0                __aeabi_uldivmod
 .text          0x0000000008000320      0x2c8 /Applications/STM32CubeIDE.app/Contents/Eclipse/plugins/com.st.stm32cube.ide.mcu.externaltools.gnu-tools-for-stm32.11.3.rel1.macos64_1.1.0.202305231506/tools/bin/../lib/gcc/arm-none-eabi/11.3.1/thumb/v7e-m+dp/hard/libgcc.a(_udivmoddi4.o)
                0x0000000008000320                __udivmoddi4
 .text          0x00000000080005e8        0x4 /Applications/STM32CubeIDE.app/Contents/Eclipse/plugins/com.st.stm32cube.ide.mcu.externaltools.gnu-tools-for-stm32.11.3.rel1.macos64_1.1.0.202305231506/tools/bin/../lib/gcc/arm-none-eabi/11.3.1/thumb/v7e-m+dp/hard/libgcc.a(_dvmd_tls.o)
                0x00000000080005e8                __aeabi_ldiv0
                0x00000000080005e8                __aeabi_idiv0
 *(.text*)
 .text.MX_ADC1_Init
                0x00000000080005ec       0xf8 ./Core/Src/adc.o
                0x00000000080005ec                MX_ADC1_Init
 .text.HAL_ADC_MspInit
                0x00000000080006e4      0x160 ./Core/Src/adc.o
                0x00000000080006e4                HAL_ADC_MspInit
 .text.MX_DMA_Init
                0x0000000008000844       0x3c ./Core/Src/dma.o
                0x0000000008000844                MX_DMA_Init
 .text.Vector2_init
                0x0000000008000880       0x30 ./Core/Src/gameUtility.o
                0x0000000008000880                Vector2_init
 .text.Add      0x00000000080008b0       0x3e ./Core/Src/gameUtility.o
                0x00000000080008b0                Add
 .text.Sub      0x00000000080008ee       0x3e ./Core/Src/gameUtility.o
                0x00000000080008ee                Sub
 .text.Multiply_vector
                0x000000000800092c       0x42 ./Core/Src/gameUtility.o
                0x000000000800092c                Multiply_vector
 .text.Divide_int
                0x000000000800096e       0x3e ./Core/Src/gameUtility.o
                0x000000000800096e                Divide_int
 .text.Divide_vector
                0x00000000080009ac       0x42 ./Core/Src/gameUtility.o
                0x00000000080009ac                Divide_vector
 .text.Equal    0x00000000080009ee       0x3a ./Core/Src/gameUtility.o
                0x00000000080009ee                Equal
 .text.getOffsetOrigin
                0x0000000008000a28       0x38 ./Core/Src/gameUtility.o
                0x0000000008000a28                getOffsetOrigin
 .text.toIndex  0x0000000008000a60       0x4c ./Core/Src/gameUtility.o
                0x0000000008000a60                toIndex
 .text.toPosition
                0x0000000008000aac       0x40 ./Core/Src/gameUtility.o
                0x0000000008000aac                toPosition
 .text.Transform_init
                0x0000000008000aec       0x54 ./Core/Src/gameUtility.o
                0x0000000008000aec                Transform_init
 .text.getLeft  0x0000000008000b40       0x68 ./Core/Src/gameUtility.o
                0x0000000008000b40                getLeft
 .text.getRight
                0x0000000008000ba8       0x1e ./Core/Src/gameUtility.o
                0x0000000008000ba8                getRight
 *fill*         0x0000000008000bc6        0x2 
 .text.getTop   0x0000000008000bc8       0x60 ./Core/Src/gameUtility.o
                0x0000000008000bc8                getTop
 .text.getBottom
                0x0000000008000c28       0x1e ./Core/Src/gameUtility.o
                0x0000000008000c28                getBottom
 .text.getTransformOrigin
                0x0000000008000c46       0x2c ./Core/Src/gameUtility.o
                0x0000000008000c46                getTransformOrigin
 .text.Draw     0x0000000008000c72       0x50 ./Core/Src/gameUtility.o
                0x0000000008000c72                Draw
 *fill*         0x0000000008000cc2        0x2 
 .text.DrawImage
                0x0000000008000cc4      0x158 ./Core/Src/gameUtility.o
                0x0000000008000cc4                DrawImage
 .text.isCollision
                0x0000000008000e1c      0x192 ./Core/Src/gameUtility.o
                0x0000000008000e1c                isCollision
 *fill*         0x0000000008000fae        0x2 
 .text.Move     0x0000000008000fb0      0x40c ./Core/Src/gameUtility.o
                0x0000000008000fb0                Move
 .text.CheckPlayerCollisionAt
                0x00000000080013bc       0x96 ./Core/Src/gameUtility.o
                0x00000000080013bc                CheckPlayerCollisionAt
 *fill*         0x0000000008001452        0x2 
 .text.drawPlayers
                0x0000000008001454      0x248 ./Core/Src/gameUtility.o
                0x0000000008001454                drawPlayers
 .text.drawCell
                0x000000000800169c       0xf4 ./Core/Src/gameUtility.o
                0x000000000800169c                drawCell
 .text.setMap   0x0000000008001790       0xc4 ./Core/Src/gameUtility.o
                0x0000000008001790                setMap
 .text.setObject
                0x0000000008001854      0x244 ./Core/Src/gameUtility.o
                0x0000000008001854                setObject
 .text.clearObject
                0x0000000008001a98      0x170 ./Core/Src/gameUtility.o
                0x0000000008001a98                clearObject
 .text.placeBomb
                0x0000000008001c08       0x5e ./Core/Src/gameUtility.o
                0x0000000008001c08                placeBomb
 *fill*         0x0000000008001c66        0x2 
 .text.getCell  0x0000000008001c68       0x64 ./Core/Src/gameUtility.o
                0x0000000008001c68                getCell
 .text.detonate
                0x0000000008001ccc      0x16c ./Core/Src/gameUtility.o
                0x0000000008001ccc                detonate
 .text.Player_init
                0x0000000008001e38       0xa4 ./Core/Src/gameUtility.o
                0x0000000008001e38                Player_init
 .text.getPlayerIndex
                0x0000000008001edc       0x1e ./Core/Src/gameUtility.o
                0x0000000008001edc                getPlayerIndex
 .text.getIndexAtDirection
                0x0000000008001efa       0x80 ./Core/Src/gameUtility.o
                0x0000000008001efa                getIndexAtDirection
 *fill*         0x0000000008001f7a        0x2 
 .text.updateMap
                0x0000000008001f7c      0x7ec ./Core/Src/gameUtility.o
                0x0000000008001f7c                updateMap
 .text.BFSValue_init
                0x0000000008002768       0x42 ./Core/Src/gameUtility.o
                0x0000000008002768                BFSValue_init
 *fill*         0x00000000080027aa        0x2 
 .text.findNextIndex
                0x00000000080027ac      0xd98 ./Core/Src/gameUtility.o
                0x00000000080027ac                findNextIndex
 .text.PlayerUI_init
                0x0000000008003544      0x2b2 ./Core/Src/gameUtility.o
                0x0000000008003544                PlayerUI_init
 *fill*         0x00000000080037f6        0x2 
 .text.DrawPlayerUI
                0x00000000080037f8      0x140 ./Core/Src/gameUtility.o
                0x00000000080037f8                DrawPlayerUI
 .text.MX_GPIO_Init
                0x0000000008003938      0x2d0 ./Core/Src/gpio.o
                0x0000000008003938                MX_GPIO_Init
 .text.setRotation
                0x0000000008003c08       0x1a ./Core/Src/lcd.o
                0x0000000008003c08                setRotation
 *fill*         0x0000000008003c22        0x2 
 .text.drawImageAtPoint
                0x0000000008003c24      0x1cc ./Core/Src/lcd.o
                0x0000000008003c24                drawImageAtPoint
 .text.SCB_EnableICache
                0x0000000008003df0       0x4c ./Core/Src/main.o
 .text.SCB_EnableDCache
                0x0000000008003e3c       0x88 ./Core/Src/main.o
 .text.isTouchWithinRectangle
                0x0000000008003ec4       0x44 ./Core/Src/main.o
                0x0000000008003ec4                isTouchWithinRectangle
 .text.checkMap
                0x0000000008003f08      0x208 ./Core/Src/main.o
                0x0000000008003f08                checkMap
 .text.checkStartGame
                0x0000000008004110       0xfc ./Core/Src/main.o
                0x0000000008004110                checkStartGame
 .text.setting_winPage
                0x000000000800420c     0x191c ./Core/Src/main.o
                0x000000000800420c                setting_winPage
 .text.HAL_TIM_PeriodElapsedCallback
                0x0000000008005b28       0xec ./Core/Src/main.o
                0x0000000008005b28                HAL_TIM_PeriodElapsedCallback
 .text.HAL_ADC_ConvCpltCallback
                0x0000000008005c14      0x348 ./Core/Src/main.o
                0x0000000008005c14                HAL_ADC_ConvCpltCallback
 .text.HAL_GPIO_EXTI_Callback
                0x0000000008005f5c       0x94 ./Core/Src/main.o
                0x0000000008005f5c                HAL_GPIO_EXTI_Callback
 .text.SetPlayers
                0x0000000008005ff0      0x1d4 ./Core/Src/main.o
                0x0000000008005ff0                SetPlayers
 .text.startGame
                0x00000000080061c4       0xd8 ./Core/Src/main.o
                0x00000000080061c4                startGame
 .text.main     0x000000000800629c       0x5c ./Core/Src/main.o
                0x000000000800629c                main
 .text.SystemClock_Config
                0x00000000080062f8       0xe0 ./Core/Src/main.o
                0x00000000080062f8                SystemClock_Config
 .text.Error_Handler
                0x00000000080063d8        0x6 ./Core/Src/main.o
                0x00000000080063d8                Error_Handler
 *fill*         0x00000000080063de        0x2 
 .text.MX_RNG_Init
                0x00000000080063e0       0x28 ./Core/Src/rng.o
                0x00000000080063e0                MX_RNG_Init
 .text.HAL_RNG_MspInit
                0x0000000008006408       0x68 ./Core/Src/rng.o
                0x0000000008006408                HAL_RNG_MspInit
 .text.MX_SPI5_Init
                0x0000000008006470       0x7c ./Core/Src/spi.o
                0x0000000008006470                MX_SPI5_Init
 .text.HAL_SPI_MspInit
                0x00000000080064ec       0x88 ./Core/Src/spi.o
                0x00000000080064ec                HAL_SPI_MspInit
 .text.HAL_MspInit
                0x0000000008006574       0x48 ./Core/Src/stm32f7xx_hal_msp.o
                0x0000000008006574                HAL_MspInit
 .text.SysTick_Handler
                0x00000000080065bc        0xc ./Core/Src/stm32f7xx_it.o
                0x00000000080065bc                SysTick_Handler
 .text.EXTI3_IRQHandler
                0x00000000080065c8        0xe ./Core/Src/stm32f7xx_it.o
                0x00000000080065c8                EXTI3_IRQHandler
 .text.EXTI4_IRQHandler
                0x00000000080065d6        0xe ./Core/Src/stm32f7xx_it.o
                0x00000000080065d6                EXTI4_IRQHandler
 .text.TIM1_UP_TIM10_IRQHandler
                0x00000000080065e4       0x14 ./Core/Src/stm32f7xx_it.o
                0x00000000080065e4                TIM1_UP_TIM10_IRQHandler
 .text.TIM2_IRQHandler
                0x00000000080065f8       0x14 ./Core/Src/stm32f7xx_it.o
                0x00000000080065f8                TIM2_IRQHandler
 .text.EXTI15_10_IRQHandler
                0x000000000800660c       0x10 ./Core/Src/stm32f7xx_it.o
                0x000000000800660c                EXTI15_10_IRQHandler
 .text.DMA2_Stream0_IRQHandler
                0x000000000800661c       0x14 ./Core/Src/stm32f7xx_it.o
                0x000000000800661c                DMA2_Stream0_IRQHandler
 .text._getpid  0x0000000008006630       0x10 ./Core/Src/syscalls.o
                0x0000000008006630                _getpid
 .text._kill    0x0000000008006640       0x20 ./Core/Src/syscalls.o
                0x0000000008006640                _kill
 .text._exit    0x0000000008006660       0x14 ./Core/Src/syscalls.o
                0x0000000008006660                _exit
 .text._read    0x0000000008006674       0x3a ./Core/Src/syscalls.o
                0x0000000008006674                _read
 .text._write   0x00000000080066ae       0x38 ./Core/Src/syscalls.o
                0x00000000080066ae                _write
 .text._close   0x00000000080066e6       0x18 ./Core/Src/syscalls.o
                0x00000000080066e6                _close
 .text._fstat   0x00000000080066fe       0x20 ./Core/Src/syscalls.o
                0x00000000080066fe                _fstat
 .text._isatty  0x000000000800671e       0x16 ./Core/Src/syscalls.o
                0x000000000800671e                _isatty
 .text._lseek   0x0000000008006734       0x1a ./Core/Src/syscalls.o
                0x0000000008006734                _lseek
 *fill*         0x000000000800674e        0x2 
 .text._sbrk    0x0000000008006750       0x6c ./Core/Src/sysmem.o
                0x0000000008006750                _sbrk
 .text.SystemInit
                0x00000000080067bc       0x6c ./Core/Src/system_stm32f7xx.o
                0x00000000080067bc                SystemInit
 .text.MX_TIM1_Init
                0x0000000008006828       0xac ./Core/Src/tim.o
                0x0000000008006828                MX_TIM1_Init
 .text.MX_TIM2_Init
                0x00000000080068d4       0xa0 ./Core/Src/tim.o
                0x00000000080068d4                MX_TIM2_Init
 .text.HAL_TIM_Base_MspInit
                0x0000000008006974       0x80 ./Core/Src/tim.o
                0x0000000008006974                HAL_TIM_Base_MspInit
 .text.MX_USART3_UART_Init
                0x00000000080069f4       0x60 ./Core/Src/usart.o
                0x00000000080069f4                MX_USART3_UART_Init
 .text.HAL_UART_MspInit
                0x0000000008006a54       0xc0 ./Core/Src/usart.o
                0x0000000008006a54                HAL_UART_MspInit
 .text.mappingValue
                0x0000000008006b14       0x5c ./Core/Src/utiliity.o
                0x0000000008006b14                mappingValue
 .text.clamp    0x0000000008006b70       0x32 ./Core/Src/utiliity.o
                0x0000000008006b70                clamp
 .text.inBetween
                0x0000000008006ba2       0x34 ./Core/Src/utiliity.o
                0x0000000008006ba2                inBetween
 *fill*         0x0000000008006bd6        0x2 
 .text.printOut
                0x0000000008006bd8       0x3c ./Core/Src/utiliity.o
                0x0000000008006bd8                printOut
 .text.QueueElement_init
                0x0000000008006c14       0x2e ./Core/Src/utiliity.o
                0x0000000008006c14                QueueElement_init
 .text.DeleteQueueElement
                0x0000000008006c42       0x72 ./Core/Src/utiliity.o
                0x0000000008006c42                DeleteQueueElement
 .text.enqueue  0x0000000008006cb4       0x68 ./Core/Src/utiliity.o
                0x0000000008006cb4                enqueue
 .text.dequeue  0x0000000008006d1c       0x22 ./Core/Src/utiliity.o
                0x0000000008006d1c                dequeue
 *fill*         0x0000000008006d3e        0x2 
 .text.Reset_Handler
                0x0000000008006d40       0x50 ./Core/Startup/startup_stm32f767zitx.o
                0x0000000008006d40                Reset_Handler
 .text.Default_Handler
                0x0000000008006d90        0x2 ./Core/Startup/startup_stm32f767zitx.o
                0x0000000008006d90                DMA1_Stream3_IRQHandler
                0x0000000008006d90                EXTI2_IRQHandler
                0x0000000008006d90                TIM8_CC_IRQHandler
                0x0000000008006d90                DebugMon_Handler
                0x0000000008006d90                UART8_IRQHandler
                0x0000000008006d90                SPI4_IRQHandler
                0x0000000008006d90                TIM1_CC_IRQHandler
                0x0000000008006d90                DMA2_Stream5_IRQHandler
                0x0000000008006d90                HardFault_Handler
                0x0000000008006d90                JPEG_IRQHandler
                0x0000000008006d90                DMA1_Stream5_IRQHandler
                0x0000000008006d90                CAN3_RX1_IRQHandler
                0x0000000008006d90                PVD_IRQHandler
                0x0000000008006d90                TAMP_STAMP_IRQHandler
                0x0000000008006d90                PendSV_Handler
                0x0000000008006d90                NMI_Handler
                0x0000000008006d90                CAN2_RX1_IRQHandler
                0x0000000008006d90                TIM8_TRG_COM_TIM14_IRQHandler
                0x0000000008006d90                DFSDM1_FLT1_IRQHandler
                0x0000000008006d90                TIM8_UP_TIM13_IRQHandler
                0x0000000008006d90                I2C3_ER_IRQHandler
                0x0000000008006d90                DFSDM1_FLT2_IRQHandler
                0x0000000008006d90                EXTI0_IRQHandler
                0x0000000008006d90                I2C2_EV_IRQHandler
                0x0000000008006d90                DMA1_Stream2_IRQHandler
                0x0000000008006d90                CAN1_RX0_IRQHandler
                0x0000000008006d90                FPU_IRQHandler
                0x0000000008006d90                OTG_HS_WKUP_IRQHandler
                0x0000000008006d90                CAN3_SCE_IRQHandler
                0x0000000008006d90                UsageFault_Handler
                0x0000000008006d90                LTDC_ER_IRQHandler
                0x0000000008006d90                CAN2_SCE_IRQHandler
                0x0000000008006d90                DMA2_Stream2_IRQHandler
                0x0000000008006d90                SPI1_IRQHandler
                0x0000000008006d90                TIM6_DAC_IRQHandler
                0x0000000008006d90                TIM1_BRK_TIM9_IRQHandler
                0x0000000008006d90                DCMI_IRQHandler
                0x0000000008006d90                CAN2_RX0_IRQHandler
                0x0000000008006d90                DMA2_Stream3_IRQHandler
                0x0000000008006d90                SAI2_IRQHandler
                0x0000000008006d90                DFSDM1_FLT3_IRQHandler
                0x0000000008006d90                USART6_IRQHandler
                0x0000000008006d90                CAN3_RX0_IRQHandler
                0x0000000008006d90                USART3_IRQHandler
                0x0000000008006d90                CAN1_RX1_IRQHandler
                0x0000000008006d90                UART5_IRQHandler
                0x0000000008006d90                TIM4_IRQHandler
                0x0000000008006d90                QUADSPI_IRQHandler
                0x0000000008006d90                I2C1_EV_IRQHandler
                0x0000000008006d90                DMA1_Stream6_IRQHandler
                0x0000000008006d90                DMA1_Stream1_IRQHandler
                0x0000000008006d90                UART4_IRQHandler
                0x0000000008006d90                TIM3_IRQHandler
                0x0000000008006d90                RCC_IRQHandler
                0x0000000008006d90                TIM8_BRK_TIM12_IRQHandler
                0x0000000008006d90                Default_Handler
                0x0000000008006d90                CEC_IRQHandler
                0x0000000008006d90                ADC_IRQHandler
                0x0000000008006d90                DMA1_Stream7_IRQHandler
                0x0000000008006d90                SPI5_IRQHandler
                0x0000000008006d90                TIM7_IRQHandler
                0x0000000008006d90                SDMMC1_IRQHandler
                0x0000000008006d90                CAN2_TX_IRQHandler
                0x0000000008006d90                TIM5_IRQHandler
                0x0000000008006d90                DMA2_Stream7_IRQHandler
                0x0000000008006d90                I2C3_EV_IRQHandler
                0x0000000008006d90                EXTI9_5_IRQHandler
                0x0000000008006d90                RTC_WKUP_IRQHandler
                0x0000000008006d90                LTDC_IRQHandler
                0x0000000008006d90                ETH_WKUP_IRQHandler
                0x0000000008006d90                SPDIF_RX_IRQHandler
                0x0000000008006d90                SPI2_IRQHandler
                0x0000000008006d90                OTG_HS_EP1_IN_IRQHandler
                0x0000000008006d90                MemManage_Handler
                0x0000000008006d90                DMA1_Stream0_IRQHandler
                0x0000000008006d90                CAN1_TX_IRQHandler
                0x0000000008006d90                SVC_Handler
                0x0000000008006d90                RNG_IRQHandler
                0x0000000008006d90                ETH_IRQHandler
                0x0000000008006d90                OTG_HS_EP1_OUT_IRQHandler
                0x0000000008006d90                WWDG_IRQHandler
                0x0000000008006d90                SPI6_IRQHandler
                0x0000000008006d90                MDIOS_IRQHandler
                0x0000000008006d90                I2C4_EV_IRQHandler
                0x0000000008006d90                CAN3_TX_IRQHandler
                0x0000000008006d90                OTG_FS_WKUP_IRQHandler
                0x0000000008006d90                TIM1_TRG_COM_TIM11_IRQHandler
                0x0000000008006d90                OTG_HS_IRQHandler
                0x0000000008006d90                DMA2D_IRQHandler
                0x0000000008006d90                EXTI1_IRQHandler
                0x0000000008006d90                SDMMC2_IRQHandler
                0x0000000008006d90                UART7_IRQHandler
                0x0000000008006d90                USART2_IRQHandler
                0x0000000008006d90                DFSDM1_FLT0_IRQHandler
                0x0000000008006d90                I2C2_ER_IRQHandler
                0x0000000008006d90                DMA2_Stream1_IRQHandler
                0x0000000008006d90                CAN1_SCE_IRQHandler
                0x0000000008006d90                FLASH_IRQHandler
                0x0000000008006d90                DMA2_Stream4_IRQHandler
                0x0000000008006d90                BusFault_Handler
                0x0000000008006d90                USART1_IRQHandler
                0x0000000008006d90                OTG_FS_IRQHandler
                0x0000000008006d90                SPI3_IRQHandler
                0x0000000008006d90                DMA1_Stream4_IRQHandler
                0x0000000008006d90                I2C1_ER_IRQHandler
                0x0000000008006d90                FMC_IRQHandler
                0x0000000008006d90                LPTIM1_IRQHandler
                0x0000000008006d90                I2C4_ER_IRQHandler
                0x0000000008006d90                DMA2_Stream6_IRQHandler
                0x0000000008006d90                SAI1_IRQHandler
                0x0000000008006d90                RTC_Alarm_IRQHandler
 .text.ILI9341_Draw_Hollow_Rectangle_Coord
                0x0000000008006d92      0x102 ./Drivers/ILI9341/ILI9341_GFX.o
                0x0000000008006d92                ILI9341_Draw_Hollow_Rectangle_Coord
 .text.ILI9341_Draw_Filled_Rectangle_Coord
                0x0000000008006e94       0xbc ./Drivers/ILI9341/ILI9341_GFX.o
                0x0000000008006e94                ILI9341_Draw_Filled_Rectangle_Coord
 .text.ILI9341_Draw_Char
                0x0000000008006f50      0x134 ./Drivers/ILI9341/ILI9341_GFX.o
                0x0000000008006f50                ILI9341_Draw_Char
 .text.ILI9341_Draw_Text
                0x0000000008007084       0x5e ./Drivers/ILI9341/ILI9341_GFX.o
                0x0000000008007084                ILI9341_Draw_Text
 *fill*         0x00000000080070e2        0x2 
 .text.ILI9341_SPI_Init
                0x00000000080070e4       0x20 ./Drivers/ILI9341/ILI9341_STM32_Driver.o
                0x00000000080070e4                ILI9341_SPI_Init
 .text.ILI9341_SPI_Send
                0x0000000008007104       0x24 ./Drivers/ILI9341/ILI9341_STM32_Driver.o
                0x0000000008007104                ILI9341_SPI_Send
 .text.ILI9341_Write_Command
                0x0000000008007128       0x44 ./Drivers/ILI9341/ILI9341_STM32_Driver.o
                0x0000000008007128                ILI9341_Write_Command
 .text.ILI9341_Write_Data
                0x000000000800716c       0x44 ./Drivers/ILI9341/ILI9341_STM32_Driver.o
                0x000000000800716c                ILI9341_Write_Data
 .text.ILI9341_Set_Address
                0x00000000080071b0       0x98 ./Drivers/ILI9341/ILI9341_STM32_Driver.o
                0x00000000080071b0                ILI9341_Set_Address
 .text.ILI9341_Reset
                0x0000000008007248       0x3c ./Drivers/ILI9341/ILI9341_STM32_Driver.o
                0x0000000008007248                ILI9341_Reset
 .text.ILI9341_Set_Rotation
                0x0000000008007284       0xa4 ./Drivers/ILI9341/ILI9341_STM32_Driver.o
                0x0000000008007284                ILI9341_Set_Rotation
 .text.ILI9341_Enable
                0x0000000008007328       0x18 ./Drivers/ILI9341/ILI9341_STM32_Driver.o
                0x0000000008007328                ILI9341_Enable
 .text.ILI9341_Init
                0x0000000008007340      0x21a ./Drivers/ILI9341/ILI9341_STM32_Driver.o
                0x0000000008007340                ILI9341_Init
 *fill*         0x000000000800755a        0x2 
 .text.ILI9341_Draw_Colour_Burst
                0x000000000800755c      0x13c ./Drivers/ILI9341/ILI9341_STM32_Driver.o
                0x000000000800755c                ILI9341_Draw_Colour_Burst
 .text.ILI9341_Fill_Screen
                0x0000000008007698       0x4c ./Drivers/ILI9341/ILI9341_STM32_Driver.o
                0x0000000008007698                ILI9341_Fill_Screen
 .text.ILI9341_Draw_Pixel
                0x00000000080076e4      0x1b4 ./Drivers/ILI9341/ILI9341_STM32_Driver.o
                0x00000000080076e4                ILI9341_Draw_Pixel
 .text.ILI9341_Draw_Rectangle
                0x0000000008007898       0xb8 ./Drivers/ILI9341/ILI9341_STM32_Driver.o
                0x0000000008007898                ILI9341_Draw_Rectangle
 .text.ILI9341_Draw_Horizontal_Line
                0x0000000008007950       0x88 ./Drivers/ILI9341/ILI9341_STM32_Driver.o
                0x0000000008007950                ILI9341_Draw_Horizontal_Line
 .text.ILI9341_Draw_Vertical_Line
                0x00000000080079d8       0x88 ./Drivers/ILI9341/ILI9341_STM32_Driver.o
                0x00000000080079d8                ILI9341_Draw_Vertical_Line
 .text.TP_Read  0x0000000008007a60       0x58 ./Drivers/ILI9341/ILI9341_Touchscreen.o
                0x0000000008007a60                TP_Read
 .text.TP_Write
                0x0000000008007ab8       0x6c ./Drivers/ILI9341/ILI9341_Touchscreen.o
                0x0000000008007ab8                TP_Write
 *fill*         0x0000000008007b24        0x4 
 .text.TP_Read_Coordinates
                0x0000000008007b28      0x184 ./Drivers/ILI9341/ILI9341_Touchscreen.o
                0x0000000008007b28                TP_Read_Coordinates
 .text.TP_Touchpad_Pressed
                0x0000000008007cac       0x20 ./Drivers/ILI9341/ILI9341_Touchscreen.o
                0x0000000008007cac                TP_Touchpad_Pressed
 .text.HAL_Init
                0x0000000008007ccc       0x2c ./Drivers/STM32F7xx_HAL_Driver/Src/stm32f7xx_hal.o
                0x0000000008007ccc                HAL_Init
 .text.HAL_InitTick
                0x0000000008007cf8       0x60 ./Drivers/STM32F7xx_HAL_Driver/Src/stm32f7xx_hal.o
                0x0000000008007cf8                HAL_InitTick
 .text.HAL_IncTick
                0x0000000008007d58       0x28 ./Drivers/STM32F7xx_HAL_Driver/Src/stm32f7xx_hal.o
                0x0000000008007d58                HAL_IncTick
 .text.HAL_GetTick
                0x0000000008007d80       0x18 ./Drivers/STM32F7xx_HAL_Driver/Src/stm32f7xx_hal.o
                0x0000000008007d80                HAL_GetTick
 .text.HAL_Delay
                0x0000000008007d98       0x48 ./Drivers/STM32F7xx_HAL_Driver/Src/stm32f7xx_hal.o
                0x0000000008007d98                HAL_Delay
 .text.HAL_ADC_Init
                0x0000000008007de0       0x88 ./Drivers/STM32F7xx_HAL_Driver/Src/stm32f7xx_hal_adc.o
                0x0000000008007de0                HAL_ADC_Init
 .text.HAL_ADC_Start_DMA
                0x0000000008007e68      0x1f4 ./Drivers/STM32F7xx_HAL_Driver/Src/stm32f7xx_hal_adc.o
                0x0000000008007e68                HAL_ADC_Start_DMA
 .text.HAL_ADC_ConvHalfCpltCallback
                0x000000000800805c       0x14 ./Drivers/STM32F7xx_HAL_Driver/Src/stm32f7xx_hal_adc.o
                0x000000000800805c                HAL_ADC_ConvHalfCpltCallback
 .text.HAL_ADC_ErrorCallback
                0x0000000008008070       0x14 ./Drivers/STM32F7xx_HAL_Driver/Src/stm32f7xx_hal_adc.o
                0x0000000008008070                HAL_ADC_ErrorCallback
 .text.HAL_ADC_ConfigChannel
                0x0000000008008084      0x2ac ./Drivers/STM32F7xx_HAL_Driver/Src/stm32f7xx_hal_adc.o
                0x0000000008008084                HAL_ADC_ConfigChannel
 .text.ADC_Init
                0x0000000008008330      0x1f4 ./Drivers/STM32F7xx_HAL_Driver/Src/stm32f7xx_hal_adc.o
 .text.ADC_DMAConvCplt
                0x0000000008008524       0xba ./Drivers/STM32F7xx_HAL_Driver/Src/stm32f7xx_hal_adc.o
 .text.ADC_DMAHalfConvCplt
                0x00000000080085de       0x1c ./Drivers/STM32F7xx_HAL_Driver/Src/stm32f7xx_hal_adc.o
 .text.ADC_DMAError
                0x00000000080085fa       0x2e ./Drivers/STM32F7xx_HAL_Driver/Src/stm32f7xx_hal_adc.o
 .text.__NVIC_SetPriorityGrouping
                0x0000000008008628       0x48 ./Drivers/STM32F7xx_HAL_Driver/Src/stm32f7xx_hal_cortex.o
 .text.__NVIC_GetPriorityGrouping
                0x0000000008008670       0x1c ./Drivers/STM32F7xx_HAL_Driver/Src/stm32f7xx_hal_cortex.o
 .text.__NVIC_EnableIRQ
                0x000000000800868c       0x3c ./Drivers/STM32F7xx_HAL_Driver/Src/stm32f7xx_hal_cortex.o
 .text.__NVIC_SetPriority
                0x00000000080086c8       0x54 ./Drivers/STM32F7xx_HAL_Driver/Src/stm32f7xx_hal_cortex.o
 .text.NVIC_EncodePriority
                0x000000000800871c       0x66 ./Drivers/STM32F7xx_HAL_Driver/Src/stm32f7xx_hal_cortex.o
 *fill*         0x0000000008008782        0x2 
 .text.SysTick_Config
                0x0000000008008784       0x44 ./Drivers/STM32F7xx_HAL_Driver/Src/stm32f7xx_hal_cortex.o
 .text.HAL_NVIC_SetPriorityGrouping
                0x00000000080087c8       0x16 ./Drivers/STM32F7xx_HAL_Driver/Src/stm32f7xx_hal_cortex.o
                0x00000000080087c8                HAL_NVIC_SetPriorityGrouping
 .text.HAL_NVIC_SetPriority
                0x00000000080087de       0x38 ./Drivers/STM32F7xx_HAL_Driver/Src/stm32f7xx_hal_cortex.o
                0x00000000080087de                HAL_NVIC_SetPriority
 .text.HAL_NVIC_EnableIRQ
                0x0000000008008816       0x1c ./Drivers/STM32F7xx_HAL_Driver/Src/stm32f7xx_hal_cortex.o
                0x0000000008008816                HAL_NVIC_EnableIRQ
 .text.HAL_SYSTICK_Config
                0x0000000008008832       0x18 ./Drivers/STM32F7xx_HAL_Driver/Src/stm32f7xx_hal_cortex.o
                0x0000000008008832                HAL_SYSTICK_Config
 *fill*         0x000000000800884a        0x2 
 .text.HAL_DMA_Init
                0x000000000800884c      0x15c ./Drivers/STM32F7xx_HAL_Driver/Src/stm32f7xx_hal_dma.o
                0x000000000800884c                HAL_DMA_Init
 .text.HAL_DMA_Start_IT
                0x00000000080089a8       0xc0 ./Drivers/STM32F7xx_HAL_Driver/Src/stm32f7xx_hal_dma.o
                0x00000000080089a8                HAL_DMA_Start_IT
 .text.HAL_DMA_IRQHandler
                0x0000000008008a68      0x314 ./Drivers/STM32F7xx_HAL_Driver/Src/stm32f7xx_hal_dma.o
                0x0000000008008a68                HAL_DMA_IRQHandler
 .text.DMA_SetConfig
                0x0000000008008d7c       0x5c ./Drivers/STM32F7xx_HAL_Driver/Src/stm32f7xx_hal_dma.o
 .text.DMA_CalcBaseAndBitshift
                0x0000000008008dd8       0x6c ./Drivers/STM32F7xx_HAL_Driver/Src/stm32f7xx_hal_dma.o
 .text.DMA_CheckFifoParam
                0x0000000008008e44       0xf8 ./Drivers/STM32F7xx_HAL_Driver/Src/stm32f7xx_hal_dma.o
 .text.HAL_GPIO_Init
                0x0000000008008f3c      0x358 ./Drivers/STM32F7xx_HAL_Driver/Src/stm32f7xx_hal_gpio.o
                0x0000000008008f3c                HAL_GPIO_Init
 .text.HAL_GPIO_ReadPin
                0x0000000008009294       0x30 ./Drivers/STM32F7xx_HAL_Driver/Src/stm32f7xx_hal_gpio.o
                0x0000000008009294                HAL_GPIO_ReadPin
 .text.HAL_GPIO_WritePin
                0x00000000080092c4       0x32 ./Drivers/STM32F7xx_HAL_Driver/Src/stm32f7xx_hal_gpio.o
                0x00000000080092c4                HAL_GPIO_WritePin
 *fill*         0x00000000080092f6        0x2 
 .text.HAL_GPIO_EXTI_IRQHandler
                0x00000000080092f8       0x30 ./Drivers/STM32F7xx_HAL_Driver/Src/stm32f7xx_hal_gpio.o
                0x00000000080092f8                HAL_GPIO_EXTI_IRQHandler
 .text.HAL_PWR_EnableBkUpAccess
                0x0000000008009328       0x20 ./Drivers/STM32F7xx_HAL_Driver/Src/stm32f7xx_hal_pwr.o
                0x0000000008009328                HAL_PWR_EnableBkUpAccess
 .text.HAL_PWREx_EnableOverDrive
                0x0000000008009348       0xa0 ./Drivers/STM32F7xx_HAL_Driver/Src/stm32f7xx_hal_pwr_ex.o
                0x0000000008009348                HAL_PWREx_EnableOverDrive
 .text.HAL_RCC_OscConfig
                0x00000000080093e8      0x55c ./Drivers/STM32F7xx_HAL_Driver/Src/stm32f7xx_hal_rcc.o
                0x00000000080093e8                HAL_RCC_OscConfig
 .text.HAL_RCC_ClockConfig
                0x0000000008009944      0x1d8 ./Drivers/STM32F7xx_HAL_Driver/Src/stm32f7xx_hal_rcc.o
                0x0000000008009944                HAL_RCC_ClockConfig
 .text.HAL_RCC_GetSysClockFreq
                0x0000000008009b1c      0x20c ./Drivers/STM32F7xx_HAL_Driver/Src/stm32f7xx_hal_rcc.o
                0x0000000008009b1c                HAL_RCC_GetSysClockFreq
 .text.HAL_RCC_GetHCLKFreq
                0x0000000008009d28       0x18 ./Drivers/STM32F7xx_HAL_Driver/Src/stm32f7xx_hal_rcc.o
                0x0000000008009d28                HAL_RCC_GetHCLKFreq
 .text.HAL_RCC_GetPCLK1Freq
                0x0000000008009d40       0x28 ./Drivers/STM32F7xx_HAL_Driver/Src/stm32f7xx_hal_rcc.o
                0x0000000008009d40                HAL_RCC_GetPCLK1Freq
 .text.HAL_RCC_GetPCLK2Freq
                0x0000000008009d68       0x28 ./Drivers/STM32F7xx_HAL_Driver/Src/stm32f7xx_hal_rcc.o
                0x0000000008009d68                HAL_RCC_GetPCLK2Freq
 .text.HAL_RCCEx_PeriphCLKConfig
                0x0000000008009d90      0x850 ./Drivers/STM32F7xx_HAL_Driver/Src/stm32f7xx_hal_rcc_ex.o
                0x0000000008009d90                HAL_RCCEx_PeriphCLKConfig
 .text.HAL_RNG_Init
                0x000000000800a5e0       0x54 ./Drivers/STM32F7xx_HAL_Driver/Src/stm32f7xx_hal_rng.o
                0x000000000800a5e0                HAL_RNG_Init
 .text.HAL_SPI_Init
                0x000000000800a634      0x156 ./Drivers/STM32F7xx_HAL_Driver/Src/stm32f7xx_hal_spi.o
                0x000000000800a634                HAL_SPI_Init
 .text.HAL_SPI_Transmit
                0x000000000800a78a      0x2dc ./Drivers/STM32F7xx_HAL_Driver/Src/stm32f7xx_hal_spi.o
                0x000000000800a78a                HAL_SPI_Transmit
 *fill*         0x000000000800aa66        0x2 
 .text.SPI_WaitFlagStateUntilTimeout
                0x000000000800aa68      0x110 ./Drivers/STM32F7xx_HAL_Driver/Src/stm32f7xx_hal_spi.o
 .text.SPI_WaitFifoStateUntilTimeout
                0x000000000800ab78      0x12c ./Drivers/STM32F7xx_HAL_Driver/Src/stm32f7xx_hal_spi.o
 .text.SPI_EndRxTxTransaction
                0x000000000800aca4       0xd4 ./Drivers/STM32F7xx_HAL_Driver/Src/stm32f7xx_hal_spi.o
 .text.HAL_TIM_Base_Init
                0x000000000800ad78       0xae ./Drivers/STM32F7xx_HAL_Driver/Src/stm32f7xx_hal_tim.o
                0x000000000800ad78                HAL_TIM_Base_Init
 *fill*         0x000000000800ae26        0x2 
 .text.HAL_TIM_Base_Start_IT
                0x000000000800ae28       0xf0 ./Drivers/STM32F7xx_HAL_Driver/Src/stm32f7xx_hal_tim.o
                0x000000000800ae28                HAL_TIM_Base_Start_IT
 .text.HAL_TIM_Base_Stop_IT
                0x000000000800af18       0x5e ./Drivers/STM32F7xx_HAL_Driver/Src/stm32f7xx_hal_tim.o
                0x000000000800af18                HAL_TIM_Base_Stop_IT
 .text.HAL_TIM_IRQHandler
                0x000000000800af76      0x23e ./Drivers/STM32F7xx_HAL_Driver/Src/stm32f7xx_hal_tim.o
                0x000000000800af76                HAL_TIM_IRQHandler
 .text.HAL_TIM_ConfigClockSource
                0x000000000800b1b4      0x194 ./Drivers/STM32F7xx_HAL_Driver/Src/stm32f7xx_hal_tim.o
                0x000000000800b1b4                HAL_TIM_ConfigClockSource
 .text.HAL_TIM_OC_DelayElapsedCallback
                0x000000000800b348       0x14 ./Drivers/STM32F7xx_HAL_Driver/Src/stm32f7xx_hal_tim.o
                0x000000000800b348                HAL_TIM_OC_DelayElapsedCallback
 .text.HAL_TIM_IC_CaptureCallback
                0x000000000800b35c       0x14 ./Drivers/STM32F7xx_HAL_Driver/Src/stm32f7xx_hal_tim.o
                0x000000000800b35c                HAL_TIM_IC_CaptureCallback
 .text.HAL_TIM_PWM_PulseFinishedCallback
                0x000000000800b370       0x14 ./Drivers/STM32F7xx_HAL_Driver/Src/stm32f7xx_hal_tim.o
                0x000000000800b370                HAL_TIM_PWM_PulseFinishedCallback
 .text.HAL_TIM_TriggerCallback
                0x000000000800b384       0x14 ./Drivers/STM32F7xx_HAL_Driver/Src/stm32f7xx_hal_tim.o
                0x000000000800b384                HAL_TIM_TriggerCallback
 .text.TIM_Base_SetConfig
                0x000000000800b398      0x140 ./Drivers/STM32F7xx_HAL_Driver/Src/stm32f7xx_hal_tim.o
                0x000000000800b398                TIM_Base_SetConfig
 .text.TIM_TI1_ConfigInputStage
                0x000000000800b4d8       0x5e ./Drivers/STM32F7xx_HAL_Driver/Src/stm32f7xx_hal_tim.o
 .text.TIM_TI2_ConfigInputStage
                0x000000000800b536       0x60 ./Drivers/STM32F7xx_HAL_Driver/Src/stm32f7xx_hal_tim.o
 .text.TIM_ITRx_SetConfig
                0x000000000800b596       0x36 ./Drivers/STM32F7xx_HAL_Driver/Src/stm32f7xx_hal_tim.o
 .text.TIM_ETR_SetConfig
                0x000000000800b5cc       0x40 ./Drivers/STM32F7xx_HAL_Driver/Src/stm32f7xx_hal_tim.o
                0x000000000800b5cc                TIM_ETR_SetConfig
 .text.HAL_TIMEx_MasterConfigSynchronization
                0x000000000800b60c      0x11c ./Drivers/STM32F7xx_HAL_Driver/Src/stm32f7xx_hal_tim_ex.o
                0x000000000800b60c                HAL_TIMEx_MasterConfigSynchronization
 .text.HAL_TIMEx_CommutCallback
                0x000000000800b728       0x14 ./Drivers/STM32F7xx_HAL_Driver/Src/stm32f7xx_hal_tim_ex.o
                0x000000000800b728                HAL_TIMEx_CommutCallback
 .text.HAL_TIMEx_BreakCallback
                0x000000000800b73c       0x14 ./Drivers/STM32F7xx_HAL_Driver/Src/stm32f7xx_hal_tim_ex.o
                0x000000000800b73c                HAL_TIMEx_BreakCallback
 .text.HAL_TIMEx_Break2Callback
                0x000000000800b750       0x14 ./Drivers/STM32F7xx_HAL_Driver/Src/stm32f7xx_hal_tim_ex.o
                0x000000000800b750                HAL_TIMEx_Break2Callback
 .text.HAL_UART_Init
                0x000000000800b764       0x9c ./Drivers/STM32F7xx_HAL_Driver/Src/stm32f7xx_hal_uart.o
                0x000000000800b764                HAL_UART_Init
 .text.HAL_UART_Transmit
                0x000000000800b800      0x106 ./Drivers/STM32F7xx_HAL_Driver/Src/stm32f7xx_hal_uart.o
                0x000000000800b800                HAL_UART_Transmit
 *fill*         0x000000000800b906        0x2 
 .text.UART_SetConfig
                0x000000000800b908      0x4c8 ./Drivers/STM32F7xx_HAL_Driver/Src/stm32f7xx_hal_uart.o
                0x000000000800b908                UART_SetConfig
 .text.UART_AdvFeatureConfig
                0x000000000800bdd0      0x144 ./Drivers/STM32F7xx_HAL_Driver/Src/stm32f7xx_hal_uart.o
                0x000000000800bdd0                UART_AdvFeatureConfig
 .text.UART_CheckIdleState
                0x000000000800bf14       0x9a ./Drivers/STM32F7xx_HAL_Driver/Src/stm32f7xx_hal_uart.o
                0x000000000800bf14                UART_CheckIdleState
 .text.UART_WaitOnFlagUntilTimeout
                0x000000000800bfae      0x18c ./Drivers/STM32F7xx_HAL_Driver/Src/stm32f7xx_hal_uart.o
                0x000000000800bfae                UART_WaitOnFlagUntilTimeout
 *fill*         0x000000000800c13a        0x2 
 .text.calloc   0x000000000800c13c       0x10 /Applications/STM32CubeIDE.app/Contents/Eclipse/plugins/com.st.stm32cube.ide.mcu.externaltools.gnu-tools-for-stm32.11.3.rel1.macos64_1.1.0.202305231506/tools/bin/../lib/gcc/arm-none-eabi/11.3.1/../../../../arm-none-eabi/lib/thumb/v7e-m+dp/hard/libc_nano.a(libc_a-calloc.o)
                0x000000000800c13c                calloc
 .text._calloc_r
                0x000000000800c14c       0x2c /Applications/STM32CubeIDE.app/Contents/Eclipse/plugins/com.st.stm32cube.ide.mcu.externaltools.gnu-tools-for-stm32.11.3.rel1.macos64_1.1.0.202305231506/tools/bin/../lib/gcc/arm-none-eabi/11.3.1/../../../../arm-none-eabi/lib/thumb/v7e-m+dp/hard/libc_nano.a(libc_a-callocr.o)
                0x000000000800c14c                _calloc_r
 .text.__cvt    0x000000000800c178       0xa4 /Applications/STM32CubeIDE.app/Contents/Eclipse/plugins/com.st.stm32cube.ide.mcu.externaltools.gnu-tools-for-stm32.11.3.rel1.macos64_1.1.0.202305231506/tools/bin/../lib/gcc/arm-none-eabi/11.3.1/../../../../arm-none-eabi/lib/thumb/v7e-m+dp/hard/libc_nano.a(libc_a-nano-vfprintf_float.o)
                0x000000000800c178                __cvt
 .text.__exponent
                0x000000000800c21c       0x7c /Applications/STM32CubeIDE.app/Contents/Eclipse/plugins/com.st.stm32cube.ide.mcu.externaltools.gnu-tools-for-stm32.11.3.rel1.macos64_1.1.0.202305231506/tools/bin/../lib/gcc/arm-none-eabi/11.3.1/../../../../arm-none-eabi/lib/thumb/v7e-m+dp/hard/libc_nano.a(libc_a-nano-vfprintf_float.o)
                0x000000000800c21c                __exponent
 .text._printf_float
                0x000000000800c298      0x434 /Applications/STM32CubeIDE.app/Contents/Eclipse/plugins/com.st.stm32cube.ide.mcu.externaltools.gnu-tools-for-stm32.11.3.rel1.macos64_1.1.0.202305231506/tools/bin/../lib/gcc/arm-none-eabi/11.3.1/../../../../arm-none-eabi/lib/thumb/v7e-m+dp/hard/libc_nano.a(libc_a-nano-vfprintf_float.o)
                0x000000000800c298                _printf_float
 .text.malloc   0x000000000800c6cc       0x10 /Applications/STM32CubeIDE.app/Contents/Eclipse/plugins/com.st.stm32cube.ide.mcu.externaltools.gnu-tools-for-stm32.11.3.rel1.macos64_1.1.0.202305231506/tools/bin/../lib/gcc/arm-none-eabi/11.3.1/../../../../arm-none-eabi/lib/thumb/v7e-m+dp/hard/libc_nano.a(libc_a-malloc.o)
                0x000000000800c6cc                malloc
 .text.free     0x000000000800c6dc       0x10 /Applications/STM32CubeIDE.app/Contents/Eclipse/plugins/com.st.stm32cube.ide.mcu.externaltools.gnu-tools-for-stm32.11.3.rel1.macos64_1.1.0.202305231506/tools/bin/../lib/gcc/arm-none-eabi/11.3.1/../../../../arm-none-eabi/lib/thumb/v7e-m+dp/hard/libc_nano.a(libc_a-malloc.o)
                0x000000000800c6dc                free
 .text.sbrk_aligned
                0x000000000800c6ec       0x40 /Applications/STM32CubeIDE.app/Contents/Eclipse/plugins/com.st.stm32cube.ide.mcu.externaltools.gnu-tools-for-stm32.11.3.rel1.macos64_1.1.0.202305231506/tools/bin/../lib/gcc/arm-none-eabi/11.3.1/../../../../arm-none-eabi/lib/thumb/v7e-m+dp/hard/libc_nano.a(libc_a-mallocr.o)
 .text._malloc_r
                0x000000000800c72c      0x100 /Applications/STM32CubeIDE.app/Contents/Eclipse/plugins/com.st.stm32cube.ide.mcu.externaltools.gnu-tools-for-stm32.11.3.rel1.macos64_1.1.0.202305231506/tools/bin/../lib/gcc/arm-none-eabi/11.3.1/../../../../arm-none-eabi/lib/thumb/v7e-m+dp/hard/libc_nano.a(libc_a-mallocr.o)
                0x000000000800c72c                _malloc_r
 .text._printf_common
                0x000000000800c82c       0xda /Applications/STM32CubeIDE.app/Contents/Eclipse/plugins/com.st.stm32cube.ide.mcu.externaltools.gnu-tools-for-stm32.11.3.rel1.macos64_1.1.0.202305231506/tools/bin/../lib/gcc/arm-none-eabi/11.3.1/../../../../arm-none-eabi/lib/thumb/v7e-m+dp/hard/libc_nano.a(libc_a-nano-vfprintf_i.o)
                0x000000000800c82c                _printf_common
 *fill*         0x000000000800c906        0x2 
 .text._printf_i
                0x000000000800c908      0x244 /Applications/STM32CubeIDE.app/Contents/Eclipse/plugins/com.st.stm32cube.ide.mcu.externaltools.gnu-tools-for-stm32.11.3.rel1.macos64_1.1.0.202305231506/tools/bin/../lib/gcc/arm-none-eabi/11.3.1/../../../../arm-none-eabi/lib/thumb/v7e-m+dp/hard/libc_nano.a(libc_a-nano-vfprintf_i.o)
                0x000000000800c908                _printf_i
 .text.__malloc_lock
                0x000000000800cb4c        0xc /Applications/STM32CubeIDE.app/Contents/Eclipse/plugins/com.st.stm32cube.ide.mcu.externaltools.gnu-tools-for-stm32.11.3.rel1.macos64_1.1.0.202305231506/tools/bin/../lib/gcc/arm-none-eabi/11.3.1/../../../../arm-none-eabi/lib/thumb/v7e-m+dp/hard/libc_nano.a(libc_a-mlock.o)
                0x000000000800cb4c                __malloc_lock
 .text.__malloc_unlock
                0x000000000800cb58        0xc /Applications/STM32CubeIDE.app/Contents/Eclipse/plugins/com.st.stm32cube.ide.mcu.externaltools.gnu-tools-for-stm32.11.3.rel1.macos64_1.1.0.202305231506/tools/bin/../lib/gcc/arm-none-eabi/11.3.1/../../../../arm-none-eabi/lib/thumb/v7e-m+dp/hard/libc_nano.a(libc_a-mlock.o)
                0x000000000800cb58                __malloc_unlock
 .text.sprintf  0x000000000800cb64       0x40 /Applications/STM32CubeIDE.app/Contents/Eclipse/plugins/com.st.stm32cube.ide.mcu.externaltools.gnu-tools-for-stm32.11.3.rel1.macos64_1.1.0.202305231506/tools/bin/../lib/gcc/arm-none-eabi/11.3.1/../../../../arm-none-eabi/lib/thumb/v7e-m+dp/hard/libc_nano.a(libc_a-sprintf.o)
                0x000000000800cb64                sprintf
                0x000000000800cb64                siprintf
 .text.srand    0x000000000800cba4       0x5c /Applications/STM32CubeIDE.app/Contents/Eclipse/plugins/com.st.stm32cube.ide.mcu.externaltools.gnu-tools-for-stm32.11.3.rel1.macos64_1.1.0.202305231506/tools/bin/../lib/gcc/arm-none-eabi/11.3.1/../../../../arm-none-eabi/lib/thumb/v7e-m+dp/hard/libc_nano.a(libc_a-rand.o)
                0x000000000800cba4                srand
 .text.rand     0x000000000800cc00       0x7c /Applications/STM32CubeIDE.app/Contents/Eclipse/plugins/com.st.stm32cube.ide.mcu.externaltools.gnu-tools-for-stm32.11.3.rel1.macos64_1.1.0.202305231506/tools/bin/../lib/gcc/arm-none-eabi/11.3.1/../../../../arm-none-eabi/lib/thumb/v7e-m+dp/hard/libc_nano.a(libc_a-rand.o)
                0x000000000800cc00                rand
 .text.std      0x000000000800cc7c       0x48 /Applications/STM32CubeIDE.app/Contents/Eclipse/plugins/com.st.stm32cube.ide.mcu.externaltools.gnu-tools-for-stm32.11.3.rel1.macos64_1.1.0.202305231506/tools/bin/../lib/gcc/arm-none-eabi/11.3.1/../../../../arm-none-eabi/lib/thumb/v7e-m+dp/hard/libc_nano.a(libc_a-findfp.o)
 .text.stdio_exit_handler
                0x000000000800ccc4       0x18 /Applications/STM32CubeIDE.app/Contents/Eclipse/plugins/com.st.stm32cube.ide.mcu.externaltools.gnu-tools-for-stm32.11.3.rel1.macos64_1.1.0.202305231506/tools/bin/../lib/gcc/arm-none-eabi/11.3.1/../../../../arm-none-eabi/lib/thumb/v7e-m+dp/hard/libc_nano.a(libc_a-findfp.o)
 .text.cleanup_stdio
                0x000000000800ccdc       0x40 /Applications/STM32CubeIDE.app/Contents/Eclipse/plugins/com.st.stm32cube.ide.mcu.externaltools.gnu-tools-for-stm32.11.3.rel1.macos64_1.1.0.202305231506/tools/bin/../lib/gcc/arm-none-eabi/11.3.1/../../../../arm-none-eabi/lib/thumb/v7e-m+dp/hard/libc_nano.a(libc_a-findfp.o)
 .text.global_stdio_init.part.0
                0x000000000800cd1c       0x3c /Applications/STM32CubeIDE.app/Contents/Eclipse/plugins/com.st.stm32cube.ide.mcu.externaltools.gnu-tools-for-stm32.11.3.rel1.macos64_1.1.0.202305231506/tools/bin/../lib/gcc/arm-none-eabi/11.3.1/../../../../arm-none-eabi/lib/thumb/v7e-m+dp/hard/libc_nano.a(libc_a-findfp.o)
 .text.__sfp_lock_acquire
                0x000000000800cd58        0xc /Applications/STM32CubeIDE.app/Contents/Eclipse/plugins/com.st.stm32cube.ide.mcu.externaltools.gnu-tools-for-stm32.11.3.rel1.macos64_1.1.0.202305231506/tools/bin/../lib/gcc/arm-none-eabi/11.3.1/../../../../arm-none-eabi/lib/thumb/v7e-m+dp/hard/libc_nano.a(libc_a-findfp.o)
                0x000000000800cd58                __sfp_lock_acquire
 .text.__sfp_lock_release
                0x000000000800cd64        0xc /Applications/STM32CubeIDE.app/Contents/Eclipse/plugins/com.st.stm32cube.ide.mcu.externaltools.gnu-tools-for-stm32.11.3.rel1.macos64_1.1.0.202305231506/tools/bin/../lib/gcc/arm-none-eabi/11.3.1/../../../../arm-none-eabi/lib/thumb/v7e-m+dp/hard/libc_nano.a(libc_a-findfp.o)
                0x000000000800cd64                __sfp_lock_release
 .text.__sinit  0x000000000800cd70       0x30 /Applications/STM32CubeIDE.app/Contents/Eclipse/plugins/com.st.stm32cube.ide.mcu.externaltools.gnu-tools-for-stm32.11.3.rel1.macos64_1.1.0.202305231506/tools/bin/../lib/gcc/arm-none-eabi/11.3.1/../../../../arm-none-eabi/lib/thumb/v7e-m+dp/hard/libc_nano.a(libc_a-findfp.o)
                0x000000000800cd70                __sinit
 .text._fwalk_sglue
                0x000000000800cda0       0x3c /Applications/STM32CubeIDE.app/Contents/Eclipse/plugins/com.st.stm32cube.ide.mcu.externaltools.gnu-tools-for-stm32.11.3.rel1.macos64_1.1.0.202305231506/tools/bin/../lib/gcc/arm-none-eabi/11.3.1/../../../../arm-none-eabi/lib/thumb/v7e-m+dp/hard/libc_nano.a(libc_a-fwalk.o)
                0x000000000800cda0                _fwalk_sglue
 .text.memset   0x000000000800cddc       0x10 /Applications/STM32CubeIDE.app/Contents/Eclipse/plugins/com.st.stm32cube.ide.mcu.externaltools.gnu-tools-for-stm32.11.3.rel1.macos64_1.1.0.202305231506/tools/bin/../lib/gcc/arm-none-eabi/11.3.1/../../../../arm-none-eabi/lib/thumb/v7e-m+dp/hard/libc_nano.a(libc_a-memset.o)
                0x000000000800cddc                memset
 .text._localeconv_r
                0x000000000800cdec        0x8 /Applications/STM32CubeIDE.app/Contents/Eclipse/plugins/com.st.stm32cube.ide.mcu.externaltools.gnu-tools-for-stm32.11.3.rel1.macos64_1.1.0.202305231506/tools/bin/../lib/gcc/arm-none-eabi/11.3.1/../../../../arm-none-eabi/lib/thumb/v7e-m+dp/hard/libc_nano.a(libc_a-localeconv.o)
                0x000000000800cdec                _localeconv_r
 .text._sbrk_r  0x000000000800cdf4       0x20 /Applications/STM32CubeIDE.app/Contents/Eclipse/plugins/com.st.stm32cube.ide.mcu.externaltools.gnu-tools-for-stm32.11.3.rel1.macos64_1.1.0.202305231506/tools/bin/../lib/gcc/arm-none-eabi/11.3.1/../../../../arm-none-eabi/lib/thumb/v7e-m+dp/hard/libc_nano.a(libc_a-sbrkr.o)
                0x000000000800cdf4                _sbrk_r
 .text.__errno  0x000000000800ce14        0xc /Applications/STM32CubeIDE.app/Contents/Eclipse/plugins/com.st.stm32cube.ide.mcu.externaltools.gnu-tools-for-stm32.11.3.rel1.macos64_1.1.0.202305231506/tools/bin/../lib/gcc/arm-none-eabi/11.3.1/../../../../arm-none-eabi/lib/thumb/v7e-m+dp/hard/libc_nano.a(libc_a-errno.o)
                0x000000000800ce14                __errno
 .text.__libc_init_array
                0x000000000800ce20       0x48 /Applications/STM32CubeIDE.app/Contents/Eclipse/plugins/com.st.stm32cube.ide.mcu.externaltools.gnu-tools-for-stm32.11.3.rel1.macos64_1.1.0.202305231506/tools/bin/../lib/gcc/arm-none-eabi/11.3.1/../../../../arm-none-eabi/lib/thumb/v7e-m+dp/hard/libc_nano.a(libc_a-init.o)
                0x000000000800ce20                __libc_init_array
 .text.__retarget_lock_acquire_recursive
                0x000000000800ce68        0x2 /Applications/STM32CubeIDE.app/Contents/Eclipse/plugins/com.st.stm32cube.ide.mcu.externaltools.gnu-tools-for-stm32.11.3.rel1.macos64_1.1.0.202305231506/tools/bin/../lib/gcc/arm-none-eabi/11.3.1/../../../../arm-none-eabi/lib/thumb/v7e-m+dp/hard/libc_nano.a(libc_a-lock.o)
                0x000000000800ce68                __retarget_lock_acquire_recursive
 .text.__retarget_lock_release_recursive
                0x000000000800ce6a        0x2 /Applications/STM32CubeIDE.app/Contents/Eclipse/plugins/com.st.stm32cube.ide.mcu.externaltools.gnu-tools-for-stm32.11.3.rel1.macos64_1.1.0.202305231506/tools/bin/../lib/gcc/arm-none-eabi/11.3.1/../../../../arm-none-eabi/lib/thumb/v7e-m+dp/hard/libc_nano.a(libc_a-lock.o)
                0x000000000800ce6a                __retarget_lock_release_recursive
 .text.memcpy   0x000000000800ce6c       0x1c /Applications/STM32CubeIDE.app/Contents/Eclipse/plugins/com.st.stm32cube.ide.mcu.externaltools.gnu-tools-for-stm32.11.3.rel1.macos64_1.1.0.202305231506/tools/bin/../lib/gcc/arm-none-eabi/11.3.1/../../../../arm-none-eabi/lib/thumb/v7e-m+dp/hard/libc_nano.a(libc_a-memcpy-stub.o)
                0x000000000800ce6c                memcpy
 .text.__assert_func
                0x000000000800ce88       0x3c /Applications/STM32CubeIDE.app/Contents/Eclipse/plugins/com.st.stm32cube.ide.mcu.externaltools.gnu-tools-for-stm32.11.3.rel1.macos64_1.1.0.202305231506/tools/bin/../lib/gcc/arm-none-eabi/11.3.1/../../../../arm-none-eabi/lib/thumb/v7e-m+dp/hard/libc_nano.a(libc_a-assert.o)
                0x000000000800ce88                __assert_func
 .text.quorem   0x000000000800cec4      0x110 /Applications/STM32CubeIDE.app/Contents/Eclipse/plugins/com.st.stm32cube.ide.mcu.externaltools.gnu-tools-for-stm32.11.3.rel1.macos64_1.1.0.202305231506/tools/bin/../lib/gcc/arm-none-eabi/11.3.1/../../../../arm-none-eabi/lib/thumb/v7e-m+dp/hard/libc_nano.a(libc_a-dtoa.o)
 *fill*         0x000000000800cfd4        0x4 
 .text._dtoa_r  0x000000000800cfd8      0xad8 /Applications/STM32CubeIDE.app/Contents/Eclipse/plugins/com.st.stm32cube.ide.mcu.externaltools.gnu-tools-for-stm32.11.3.rel1.macos64_1.1.0.202305231506/tools/bin/../lib/gcc/arm-none-eabi/11.3.1/../../../../arm-none-eabi/lib/thumb/v7e-m+dp/hard/libc_nano.a(libc_a-dtoa.o)
                0x000000000800cfd8                _dtoa_r
 .text._free_r  0x000000000800dab0       0x98 /Applications/STM32CubeIDE.app/Contents/Eclipse/plugins/com.st.stm32cube.ide.mcu.externaltools.gnu-tools-for-stm32.11.3.rel1.macos64_1.1.0.202305231506/tools/bin/../lib/gcc/arm-none-eabi/11.3.1/../../../../arm-none-eabi/lib/thumb/v7e-m+dp/hard/libc_nano.a(libc_a-freer.o)
                0x000000000800dab0                _free_r
 .text.__ssputs_r
                0x000000000800db48       0xb4 /Applications/STM32CubeIDE.app/Contents/Eclipse/plugins/com.st.stm32cube.ide.mcu.externaltools.gnu-tools-for-stm32.11.3.rel1.macos64_1.1.0.202305231506/tools/bin/../lib/gcc/arm-none-eabi/11.3.1/../../../../arm-none-eabi/lib/thumb/v7e-m+dp/hard/libc_nano.a(libc_a-nano-svfprintf.o)
                0x000000000800db48                __ssputs_r
 .text._svfprintf_r
                0x000000000800dbfc      0x1fc /Applications/STM32CubeIDE.app/Contents/Eclipse/plugins/com.st.stm32cube.ide.mcu.externaltools.gnu-tools-for-stm32.11.3.rel1.macos64_1.1.0.202305231506/tools/bin/../lib/gcc/arm-none-eabi/11.3.1/../../../../arm-none-eabi/lib/thumb/v7e-m+dp/hard/libc_nano.a(libc_a-nano-svfprintf.o)
                0x000000000800dbfc                _svfprintf_r
                0x000000000800dbfc                _svfiprintf_r
 .text.__sflush_r
                0x000000000800ddf8      0x10c /Applications/STM32CubeIDE.app/Contents/Eclipse/plugins/com.st.stm32cube.ide.mcu.externaltools.gnu-tools-for-stm32.11.3.rel1.macos64_1.1.0.202305231506/tools/bin/../lib/gcc/arm-none-eabi/11.3.1/../../../../arm-none-eabi/lib/thumb/v7e-m+dp/hard/libc_nano.a(libc_a-fflush.o)
                0x000000000800ddf8                __sflush_r
 .text._fflush_r
                0x000000000800df04       0x50 /Applications/STM32CubeIDE.app/Contents/Eclipse/plugins/com.st.stm32cube.ide.mcu.externaltools.gnu-tools-for-stm32.11.3.rel1.macos64_1.1.0.202305231506/tools/bin/../lib/gcc/arm-none-eabi/11.3.1/../../../../arm-none-eabi/lib/thumb/v7e-m+dp/hard/libc_nano.a(libc_a-fflush.o)
                0x000000000800df04                _fflush_r
 .text._Balloc  0x000000000800df54       0x80 /Applications/STM32CubeIDE.app/Contents/Eclipse/plugins/com.st.stm32cube.ide.mcu.externaltools.gnu-tools-for-stm32.11.3.rel1.macos64_1.1.0.202305231506/tools/bin/../lib/gcc/arm-none-eabi/11.3.1/../../../../arm-none-eabi/lib/thumb/v7e-m+dp/hard/libc_nano.a(libc_a-mprec.o)
                0x000000000800df54                _Balloc
 .text._Bfree   0x000000000800dfd4       0x44 /Applications/STM32CubeIDE.app/Contents/Eclipse/plugins/com.st.stm32cube.ide.mcu.externaltools.gnu-tools-for-stm32.11.3.rel1.macos64_1.1.0.202305231506/tools/bin/../lib/gcc/arm-none-eabi/11.3.1/../../../../arm-none-eabi/lib/thumb/v7e-m+dp/hard/libc_nano.a(libc_a-mprec.o)
                0x000000000800dfd4                _Bfree
 .text.__multadd
                0x000000000800e018       0x8c /Applications/STM32CubeIDE.app/Contents/Eclipse/plugins/com.st.stm32cube.ide.mcu.externaltools.gnu-tools-for-stm32.11.3.rel1.macos64_1.1.0.202305231506/tools/bin/../lib/gcc/arm-none-eabi/11.3.1/../../../../arm-none-eabi/lib/thumb/v7e-m+dp/hard/libc_nano.a(libc_a-mprec.o)
                0x000000000800e018                __multadd
 .text.__hi0bits
                0x000000000800e0a4       0x40 /Applications/STM32CubeIDE.app/Contents/Eclipse/plugins/com.st.stm32cube.ide.mcu.externaltools.gnu-tools-for-stm32.11.3.rel1.macos64_1.1.0.202305231506/tools/bin/../lib/gcc/arm-none-eabi/11.3.1/../../../../arm-none-eabi/lib/thumb/v7e-m+dp/hard/libc_nano.a(libc_a-mprec.o)
                0x000000000800e0a4                __hi0bits
 .text.__lo0bits
                0x000000000800e0e4       0x5a /Applications/STM32CubeIDE.app/Contents/Eclipse/plugins/com.st.stm32cube.ide.mcu.externaltools.gnu-tools-for-stm32.11.3.rel1.macos64_1.1.0.202305231506/tools/bin/../lib/gcc/arm-none-eabi/11.3.1/../../../../arm-none-eabi/lib/thumb/v7e-m+dp/hard/libc_nano.a(libc_a-mprec.o)
                0x000000000800e0e4                __lo0bits
 *fill*         0x000000000800e13e        0x2 
 .text.__i2b    0x000000000800e140       0x2c /Applications/STM32CubeIDE.app/Contents/Eclipse/plugins/com.st.stm32cube.ide.mcu.externaltools.gnu-tools-for-stm32.11.3.rel1.macos64_1.1.0.202305231506/tools/bin/../lib/gcc/arm-none-eabi/11.3.1/../../../../arm-none-eabi/lib/thumb/v7e-m+dp/hard/libc_nano.a(libc_a-mprec.o)
                0x000000000800e140                __i2b
 .text.__multiply
                0x000000000800e16c      0x154 /Applications/STM32CubeIDE.app/Contents/Eclipse/plugins/com.st.stm32cube.ide.mcu.externaltools.gnu-tools-for-stm32.11.3.rel1.macos64_1.1.0.202305231506/tools/bin/../lib/gcc/arm-none-eabi/11.3.1/../../../../arm-none-eabi/lib/thumb/v7e-m+dp/hard/libc_nano.a(libc_a-mprec.o)
                0x000000000800e16c                __multiply
 .text.__pow5mult
                0x000000000800e2c0       0xb4 /Applications/STM32CubeIDE.app/Contents/Eclipse/plugins/com.st.stm32cube.ide.mcu.externaltools.gnu-tools-for-stm32.11.3.rel1.macos64_1.1.0.202305231506/tools/bin/../lib/gcc/arm-none-eabi/11.3.1/../../../../arm-none-eabi/lib/thumb/v7e-m+dp/hard/libc_nano.a(libc_a-mprec.o)
                0x000000000800e2c0                __pow5mult
 .text.__lshift
                0x000000000800e374       0xd8 /Applications/STM32CubeIDE.app/Contents/Eclipse/plugins/com.st.stm32cube.ide.mcu.externaltools.gnu-tools-for-stm32.11.3.rel1.macos64_1.1.0.202305231506/tools/bin/../lib/gcc/arm-none-eabi/11.3.1/../../../../arm-none-eabi/lib/thumb/v7e-m+dp/hard/libc_nano.a(libc_a-mprec.o)
                0x000000000800e374                __lshift
 .text.__mcmp   0x000000000800e44c       0x38 /Applications/STM32CubeIDE.app/Contents/Eclipse/plugins/com.st.stm32cube.ide.mcu.externaltools.gnu-tools-for-stm32.11.3.rel1.macos64_1.1.0.202305231506/tools/bin/../lib/gcc/arm-none-eabi/11.3.1/../../../../arm-none-eabi/lib/thumb/v7e-m+dp/hard/libc_nano.a(libc_a-mprec.o)
                0x000000000800e44c                __mcmp
 .text.__mdiff  0x000000000800e484      0x114 /Applications/STM32CubeIDE.app/Contents/Eclipse/plugins/com.st.stm32cube.ide.mcu.externaltools.gnu-tools-for-stm32.11.3.rel1.macos64_1.1.0.202305231506/tools/bin/../lib/gcc/arm-none-eabi/11.3.1/../../../../arm-none-eabi/lib/thumb/v7e-m+dp/hard/libc_nano.a(libc_a-mprec.o)
                0x000000000800e484                __mdiff
 .text.__d2b    0x000000000800e598       0xb4 /Applications/STM32CubeIDE.app/Contents/Eclipse/plugins/com.st.stm32cube.ide.mcu.externaltools.gnu-tools-for-stm32.11.3.rel1.macos64_1.1.0.202305231506/tools/bin/../lib/gcc/arm-none-eabi/11.3.1/../../../../arm-none-eabi/lib/thumb/v7e-m+dp/hard/libc_nano.a(libc_a-mprec.o)
                0x000000000800e598                __d2b
 .text.__sread  0x000000000800e64c       0x22 /Applications/STM32CubeIDE.app/Contents/Eclipse/plugins/com.st.stm32cube.ide.mcu.externaltools.gnu-tools-for-stm32.11.3.rel1.macos64_1.1.0.202305231506/tools/bin/../lib/gcc/arm-none-eabi/11.3.1/../../../../arm-none-eabi/lib/thumb/v7e-m+dp/hard/libc_nano.a(libc_a-stdio.o)
                0x000000000800e64c                __sread
 .text.__swrite
                0x000000000800e66e       0x38 /Applications/STM32CubeIDE.app/Contents/Eclipse/plugins/com.st.stm32cube.ide.mcu.externaltools.gnu-tools-for-stm32.11.3.rel1.macos64_1.1.0.202305231506/tools/bin/../lib/gcc/arm-none-eabi/11.3.1/../../../../arm-none-eabi/lib/thumb/v7e-m+dp/hard/libc_nano.a(libc_a-stdio.o)
                0x000000000800e66e                __swrite
 .text.__sseek  0x000000000800e6a6       0x24 /Applications/STM32CubeIDE.app/Contents/Eclipse/plugins/com.st.stm32cube.ide.mcu.externaltools.gnu-tools-for-stm32.11.3.rel1.macos64_1.1.0.202305231506/tools/bin/../lib/gcc/arm-none-eabi/11.3.1/../../../../arm-none-eabi/lib/thumb/v7e-m+dp/hard/libc_nano.a(libc_a-stdio.o)
                0x000000000800e6a6                __sseek
 .text.__sclose
                0x000000000800e6ca        0x8 /Applications/STM32CubeIDE.app/Contents/Eclipse/plugins/com.st.stm32cube.ide.mcu.externaltools.gnu-tools-for-stm32.11.3.rel1.macos64_1.1.0.202305231506/tools/bin/../lib/gcc/arm-none-eabi/11.3.1/../../../../arm-none-eabi/lib/thumb/v7e-m+dp/hard/libc_nano.a(libc_a-stdio.o)
                0x000000000800e6ca                __sclose
 *fill*         0x000000000800e6d2        0x2 
 .text.fprintf  0x000000000800e6d4       0x24 /Applications/STM32CubeIDE.app/Contents/Eclipse/plugins/com.st.stm32cube.ide.mcu.externaltools.gnu-tools-for-stm32.11.3.rel1.macos64_1.1.0.202305231506/tools/bin/../lib/gcc/arm-none-eabi/11.3.1/../../../../arm-none-eabi/lib/thumb/v7e-m+dp/hard/libc_nano.a(libc_a-fprintf.o)
                0x000000000800e6d4                fprintf
                0x000000000800e6d4                fiprintf
 .text._realloc_r
                0x000000000800e6f8       0x5e /Applications/STM32CubeIDE.app/Contents/Eclipse/plugins/com.st.stm32cube.ide.mcu.externaltools.gnu-tools-for-stm32.11.3.rel1.macos64_1.1.0.202305231506/tools/bin/../lib/gcc/arm-none-eabi/11.3.1/../../../../arm-none-eabi/lib/thumb/v7e-m+dp/hard/libc_nano.a(libc_a-reallocr.o)
                0x000000000800e6f8                _realloc_r
 .text.memmove  0x000000000800e756       0x34 /Applications/STM32CubeIDE.app/Contents/Eclipse/plugins/com.st.stm32cube.ide.mcu.externaltools.gnu-tools-for-stm32.11.3.rel1.macos64_1.1.0.202305231506/tools/bin/../lib/gcc/arm-none-eabi/11.3.1/../../../../arm-none-eabi/lib/thumb/v7e-m+dp/hard/libc_nano.a(libc_a-memmove.o)
                0x000000000800e756                memmove
 *fill*         0x000000000800e78a        0x2 
 .text._close_r
                0x000000000800e78c       0x20 /Applications/STM32CubeIDE.app/Contents/Eclipse/plugins/com.st.stm32cube.ide.mcu.externaltools.gnu-tools-for-stm32.11.3.rel1.macos64_1.1.0.202305231506/tools/bin/../lib/gcc/arm-none-eabi/11.3.1/../../../../arm-none-eabi/lib/thumb/v7e-m+dp/hard/libc_nano.a(libc_a-closer.o)
                0x000000000800e78c                _close_r
 .text._lseek_r
                0x000000000800e7ac       0x24 /Applications/STM32CubeIDE.app/Contents/Eclipse/plugins/com.st.stm32cube.ide.mcu.externaltools.gnu-tools-for-stm32.11.3.rel1.macos64_1.1.0.202305231506/tools/bin/../lib/gcc/arm-none-eabi/11.3.1/../../../../arm-none-eabi/lib/thumb/v7e-m+dp/hard/libc_nano.a(libc_a-lseekr.o)
                0x000000000800e7ac                _lseek_r
 .text._read_r  0x000000000800e7d0       0x24 /Applications/STM32CubeIDE.app/Contents/Eclipse/plugins/com.st.stm32cube.ide.mcu.externaltools.gnu-tools-for-stm32.11.3.rel1.macos64_1.1.0.202305231506/tools/bin/../lib/gcc/arm-none-eabi/11.3.1/../../../../arm-none-eabi/lib/thumb/v7e-m+dp/hard/libc_nano.a(libc_a-readr.o)
                0x000000000800e7d0                _read_r
 .text._write_r
                0x000000000800e7f4       0x24 /Applications/STM32CubeIDE.app/Contents/Eclipse/plugins/com.st.stm32cube.ide.mcu.externaltools.gnu-tools-for-stm32.11.3.rel1.macos64_1.1.0.202305231506/tools/bin/../lib/gcc/arm-none-eabi/11.3.1/../../../../arm-none-eabi/lib/thumb/v7e-m+dp/hard/libc_nano.a(libc_a-writer.o)
                0x000000000800e7f4                _write_r
 .text.abort    0x000000000800e818        0xe /Applications/STM32CubeIDE.app/Contents/Eclipse/plugins/com.st.stm32cube.ide.mcu.externaltools.gnu-tools-for-stm32.11.3.rel1.macos64_1.1.0.202305231506/tools/bin/../lib/gcc/arm-none-eabi/11.3.1/../../../../arm-none-eabi/lib/thumb/v7e-m+dp/hard/libc_nano.a(libc_a-abort.o)
                0x000000000800e818                abort
 .text.__sfputc_r
                0x000000000800e826       0x2e /Applications/STM32CubeIDE.app/Contents/Eclipse/plugins/com.st.stm32cube.ide.mcu.externaltools.gnu-tools-for-stm32.11.3.rel1.macos64_1.1.0.202305231506/tools/bin/../lib/gcc/arm-none-eabi/11.3.1/../../../../arm-none-eabi/lib/thumb/v7e-m+dp/hard/libc_nano.a(libc_a-nano-vfprintf.o)
 .text.__sfputs_r
                0x000000000800e854       0x24 /Applications/STM32CubeIDE.app/Contents/Eclipse/plugins/com.st.stm32cube.ide.mcu.externaltools.gnu-tools-for-stm32.11.3.rel1.macos64_1.1.0.202305231506/tools/bin/../lib/gcc/arm-none-eabi/11.3.1/../../../../arm-none-eabi/lib/thumb/v7e-m+dp/hard/libc_nano.a(libc_a-nano-vfprintf.o)
                0x000000000800e854                __sfputs_r
 .text._vfprintf_r
                0x000000000800e878      0x234 /Applications/STM32CubeIDE.app/Contents/Eclipse/plugins/com.st.stm32cube.ide.mcu.externaltools.gnu-tools-for-stm32.11.3.rel1.macos64_1.1.0.202305231506/tools/bin/../lib/gcc/arm-none-eabi/11.3.1/../../../../arm-none-eabi/lib/thumb/v7e-m+dp/hard/libc_nano.a(libc_a-nano-vfprintf.o)
                0x000000000800e878                _vfiprintf_r
                0x000000000800e878                _vfprintf_r
 .text.__ascii_mbtowc
                0x000000000800eaac       0x24 /Applications/STM32CubeIDE.app/Contents/Eclipse/plugins/com.st.stm32cube.ide.mcu.externaltools.gnu-tools-for-stm32.11.3.rel1.macos64_1.1.0.202305231506/tools/bin/../lib/gcc/arm-none-eabi/11.3.1/../../../../arm-none-eabi/lib/thumb/v7e-m+dp/hard/libc_nano.a(libc_a-mbtowc_r.o)
                0x000000000800eaac                __ascii_mbtowc
 .text._malloc_usable_size_r
                0x000000000800ead0       0x10 /Applications/STM32CubeIDE.app/Contents/Eclipse/plugins/com.st.stm32cube.ide.mcu.externaltools.gnu-tools-for-stm32.11.3.rel1.macos64_1.1.0.202305231506/tools/bin/../lib/gcc/arm-none-eabi/11.3.1/../../../../arm-none-eabi/lib/thumb/v7e-m+dp/hard/libc_nano.a(libc_a-msizer.o)
                0x000000000800ead0                _malloc_usable_size_r
 .text.__swbuf_r
                0x000000000800eae0       0x7a /Applications/STM32CubeIDE.app/Contents/Eclipse/plugins/com.st.stm32cube.ide.mcu.externaltools.gnu-tools-for-stm32.11.3.rel1.macos64_1.1.0.202305231506/tools/bin/../lib/gcc/arm-none-eabi/11.3.1/../../../../arm-none-eabi/lib/thumb/v7e-m+dp/hard/libc_nano.a(libc_a-wbuf.o)
                0x000000000800eae0                __swbuf_r
 *fill*         0x000000000800eb5a        0x2 
 .text.__swsetup_r
                0x000000000800eb5c       0xb0 /Applications/STM32CubeIDE.app/Contents/Eclipse/plugins/com.st.stm32cube.ide.mcu.externaltools.gnu-tools-for-stm32.11.3.rel1.macos64_1.1.0.202305231506/tools/bin/../lib/gcc/arm-none-eabi/11.3.1/../../../../arm-none-eabi/lib/thumb/v7e-m+dp/hard/libc_nano.a(libc_a-wsetup.o)
                0x000000000800eb5c                __swsetup_r
 .text.__ascii_wctomb
                0x000000000800ec0c       0x1a /Applications/STM32CubeIDE.app/Contents/Eclipse/plugins/com.st.stm32cube.ide.mcu.externaltools.gnu-tools-for-stm32.11.3.rel1.macos64_1.1.0.202305231506/tools/bin/../lib/gcc/arm-none-eabi/11.3.1/../../../../arm-none-eabi/lib/thumb/v7e-m+dp/hard/libc_nano.a(libc_a-wctomb_r.o)
                0x000000000800ec0c                __ascii_wctomb
 .text.__swhatbuf_r
                0x000000000800ec26       0x4c /Applications/STM32CubeIDE.app/Contents/Eclipse/plugins/com.st.stm32cube.ide.mcu.externaltools.gnu-tools-for-stm32.11.3.rel1.macos64_1.1.0.202305231506/tools/bin/../lib/gcc/arm-none-eabi/11.3.1/../../../../arm-none-eabi/lib/thumb/v7e-m+dp/hard/libc_nano.a(libc_a-makebuf.o)
                0x000000000800ec26                __swhatbuf_r
 .text.__smakebuf_r
                0x000000000800ec72       0x78 /Applications/STM32CubeIDE.app/Contents/Eclipse/plugins/com.st.stm32cube.ide.mcu.externaltools.gnu-tools-for-stm32.11.3.rel1.macos64_1.1.0.202305231506/tools/bin/../lib/gcc/arm-none-eabi/11.3.1/../../../../arm-none-eabi/lib/thumb/v7e-m+dp/hard/libc_nano.a(libc_a-makebuf.o)
                0x000000000800ec72                __smakebuf_r
 *fill*         0x000000000800ecea        0x2 
 .text._fstat_r
                0x000000000800ecec       0x24 /Applications/STM32CubeIDE.app/Contents/Eclipse/plugins/com.st.stm32cube.ide.mcu.externaltools.gnu-tools-for-stm32.11.3.rel1.macos64_1.1.0.202305231506/tools/bin/../lib/gcc/arm-none-eabi/11.3.1/../../../../arm-none-eabi/lib/thumb/v7e-m+dp/hard/libc_nano.a(libc_a-fstatr.o)
                0x000000000800ecec                _fstat_r
 .text._isatty_r
                0x000000000800ed10       0x20 /Applications/STM32CubeIDE.app/Contents/Eclipse/plugins/com.st.stm32cube.ide.mcu.externaltools.gnu-tools-for-stm32.11.3.rel1.macos64_1.1.0.202305231506/tools/bin/../lib/gcc/arm-none-eabi/11.3.1/../../../../arm-none-eabi/lib/thumb/v7e-m+dp/hard/libc_nano.a(libc_a-isattyr.o)
                0x000000000800ed10                _isatty_r
 .text._raise_r
                0x000000000800ed30       0x50 /Applications/STM32CubeIDE.app/Contents/Eclipse/plugins/com.st.stm32cube.ide.mcu.externaltools.gnu-tools-for-stm32.11.3.rel1.macos64_1.1.0.202305231506/tools/bin/../lib/gcc/arm-none-eabi/11.3.1/../../../../arm-none-eabi/lib/thumb/v7e-m+dp/hard/libc_nano.a(libc_a-signal.o)
                0x000000000800ed30                _raise_r
 .text.raise    0x000000000800ed80       0x10 /Applications/STM32CubeIDE.app/Contents/Eclipse/plugins/com.st.stm32cube.ide.mcu.externaltools.gnu-tools-for-stm32.11.3.rel1.macos64_1.1.0.202305231506/tools/bin/../lib/gcc/arm-none-eabi/11.3.1/../../../../arm-none-eabi/lib/thumb/v7e-m+dp/hard/libc_nano.a(libc_a-signal.o)
                0x000000000800ed80                raise
 .text._kill_r  0x000000000800ed90       0x24 /Applications/STM32CubeIDE.app/Contents/Eclipse/plugins/com.st.stm32cube.ide.mcu.externaltools.gnu-tools-for-stm32.11.3.rel1.macos64_1.1.0.202305231506/tools/bin/../lib/gcc/arm-none-eabi/11.3.1/../../../../arm-none-eabi/lib/thumb/v7e-m+dp/hard/libc_nano.a(libc_a-signalr.o)
                0x000000000800ed90                _kill_r
 .text._getpid_r
                0x000000000800edb4        0x4 /Applications/STM32CubeIDE.app/Contents/Eclipse/plugins/com.st.stm32cube.ide.mcu.externaltools.gnu-tools-for-stm32.11.3.rel1.macos64_1.1.0.202305231506/tools/bin/../lib/gcc/arm-none-eabi/11.3.1/../../../../arm-none-eabi/lib/thumb/v7e-m+dp/hard/libc_nano.a(libc_a-signalr.o)
                0x000000000800edb4                _getpid_r
 *(.glue_7)
 .glue_7        0x000000000800edb8        0x0 linker stubs
 *(.glue_7t)
 .glue_7t       0x000000000800edb8        0x0 linker stubs
 *(.eh_frame)
 .eh_frame      0x000000000800edb8        0x0 /Applications/STM32CubeIDE.app/Contents/Eclipse/plugins/com.st.stm32cube.ide.mcu.externaltools.gnu-tools-for-stm32.11.3.rel1.macos64_1.1.0.202305231506/tools/bin/../lib/gcc/arm-none-eabi/11.3.1/thumb/v7e-m+dp/hard/crtbegin.o
 *(.init)
 .init          0x000000000800edb8        0x4 /Applications/STM32CubeIDE.app/Contents/Eclipse/plugins/com.st.stm32cube.ide.mcu.externaltools.gnu-tools-for-stm32.11.3.rel1.macos64_1.1.0.202305231506/tools/bin/../lib/gcc/arm-none-eabi/11.3.1/thumb/v7e-m+dp/hard/crti.o
                0x000000000800edb8                _init
 .init          0x000000000800edbc        0x8 /Applications/STM32CubeIDE.app/Contents/Eclipse/plugins/com.st.stm32cube.ide.mcu.externaltools.gnu-tools-for-stm32.11.3.rel1.macos64_1.1.0.202305231506/tools/bin/../lib/gcc/arm-none-eabi/11.3.1/thumb/v7e-m+dp/hard/crtn.o
 *(.fini)
 .fini          0x000000000800edc4        0x4 /Applications/STM32CubeIDE.app/Contents/Eclipse/plugins/com.st.stm32cube.ide.mcu.externaltools.gnu-tools-for-stm32.11.3.rel1.macos64_1.1.0.202305231506/tools/bin/../lib/gcc/arm-none-eabi/11.3.1/thumb/v7e-m+dp/hard/crti.o
                0x000000000800edc4                _fini
 .fini          0x000000000800edc8        0x8 /Applications/STM32CubeIDE.app/Contents/Eclipse/plugins/com.st.stm32cube.ide.mcu.externaltools.gnu-tools-for-stm32.11.3.rel1.macos64_1.1.0.202305231506/tools/bin/../lib/gcc/arm-none-eabi/11.3.1/thumb/v7e-m+dp/hard/crtn.o
                0x000000000800edd0                . = ALIGN (0x4)
                0x000000000800edd0                _etext = .

.vfp11_veneer   0x000000000800edd0        0x0
 .vfp11_veneer  0x000000000800edd0        0x0 linker stubs

.v4_bx          0x000000000800edd0        0x0
 .v4_bx         0x000000000800edd0        0x0 linker stubs

.iplt           0x000000000800edd0        0x0
 .iplt          0x000000000800edd0        0x0 /Applications/STM32CubeIDE.app/Contents/Eclipse/plugins/com.st.stm32cube.ide.mcu.externaltools.gnu-tools-for-stm32.11.3.rel1.macos64_1.1.0.202305231506/tools/bin/../lib/gcc/arm-none-eabi/11.3.1/thumb/v7e-m+dp/hard/crtbegin.o

.rodata         0x000000000800edd0    0x81228
                0x000000000800edd0                . = ALIGN (0x4)
 *(.rodata)
 .rodata        0x000000000800edd0       0x1b ./Core/Src/gameUtility.o
 *fill*         0x000000000800edeb        0x1 
 .rodata        0x000000000800edec      0x220 ./Core/Src/main.o
 *(.rodata*)
 .rodata.playerImage1
                0x000000000800f00c      0x200 ./Core/Src/icons.o
                0x000000000800f00c                playerImage1
 .rodata.playerImage1Bomb
                0x000000000800f20c      0x200 ./Core/Src/icons.o
                0x000000000800f20c                playerImage1Bomb
 .rodata.playerImage2
                0x000000000800f40c      0x200 ./Core/Src/icons.o
                0x000000000800f40c                playerImage2
 .rodata.playerImage2Bomb
                0x000000000800f60c      0x200 ./Core/Src/icons.o
                0x000000000800f60c                playerImage2Bomb
 .rodata.playerImage3
                0x000000000800f80c      0x200 ./Core/Src/icons.o
                0x000000000800f80c                playerImage3
 .rodata.playerImage3Bomb
                0x000000000800fa0c      0x200 ./Core/Src/icons.o
                0x000000000800fa0c                playerImage3Bomb
 .rodata.playerImage4
                0x000000000800fc0c      0x200 ./Core/Src/icons.o
                0x000000000800fc0c                playerImage4
 .rodata.playerImage4Bomb
                0x000000000800fe0c      0x200 ./Core/Src/icons.o
                0x000000000800fe0c                playerImage4Bomb
 .rodata.playerImage1Yellow_32
                0x000000000801000c      0x800 ./Core/Src/icons.o
                0x000000000801000c                playerImage1Yellow_32
 .rodata.playerImage2Yellow_32
                0x000000000801080c      0x800 ./Core/Src/icons.o
                0x000000000801080c                playerImage2Yellow_32
 .rodata.playerImage3Yellow_32
                0x000000000801100c      0x800 ./Core/Src/icons.o
                0x000000000801100c                playerImage3Yellow_32
 .rodata.playerImage4Yellow_32
                0x000000000801180c      0x800 ./Core/Src/icons.o
                0x000000000801180c                playerImage4Yellow_32
 .rodata.playerImage5Yellow_32
                0x000000000801200c      0x800 ./Core/Src/icons.o
                0x000000000801200c                playerImage5Yellow_32
 .rodata.playerImage1Orange_32
                0x000000000801280c      0x800 ./Core/Src/icons.o
                0x000000000801280c                playerImage1Orange_32
 .rodata.playerImage2Orange_32
                0x000000000801300c      0x800 ./Core/Src/icons.o
                0x000000000801300c                playerImage2Orange_32
 .rodata.playerImage3Orange_32
                0x000000000801380c      0x800 ./Core/Src/icons.o
                0x000000000801380c                playerImage3Orange_32
 .rodata.playerImage4Orange_32
                0x000000000801400c      0x800 ./Core/Src/icons.o
                0x000000000801400c                playerImage4Orange_32
 .rodata.playerImage1White_56
                0x000000000801480c     0x1880 ./Core/Src/icons.o
                0x000000000801480c                playerImage1White_56
 .rodata.playerImage2White_56
                0x000000000801608c     0x1880 ./Core/Src/icons.o
                0x000000000801608c                playerImage2White_56
 .rodata.playerImage3White_56
                0x000000000801790c     0x1880 ./Core/Src/icons.o
                0x000000000801790c                playerImage3White_56
 .rodata.playerImage4White_56
                0x000000000801918c     0x1880 ./Core/Src/icons.o
                0x000000000801918c                playerImage4White_56
 .rodata.playerImage5White_56
                0x000000000801aa0c     0x1880 ./Core/Src/icons.o
                0x000000000801aa0c                playerImage5White_56
 .rodata.playerImage5Orange_32
                0x000000000801c28c      0x800 ./Core/Src/icons.o
                0x000000000801c28c                playerImage5Orange_32
 .rodata.playerImage1_112
                0x000000000801ca8c     0x6200 ./Core/Src/icons.o
                0x000000000801ca8c                playerImage1_112
 .rodata.playerImage2_112
                0x0000000008022c8c     0x6200 ./Core/Src/icons.o
                0x0000000008022c8c                playerImage2_112
 .rodata.playerImage3_112
                0x0000000008028e8c     0x6200 ./Core/Src/icons.o
                0x0000000008028e8c                playerImage3_112
 .rodata.playerImage4_112
                0x000000000802f08c     0x6200 ./Core/Src/icons.o
                0x000000000802f08c                playerImage4_112
 .rodata.playerImage5_112
                0x000000000803528c     0x6200 ./Core/Src/icons.o
                0x000000000803528c                playerImage5_112
 .rodata.bombImage_16
                0x000000000803b48c      0x200 ./Core/Src/icons.o
                0x000000000803b48c                bombImage_16
 .rodata.bombImage
                0x000000000803b68c      0x200 ./Core/Src/icons.o
                0x000000000803b68c                bombImage
 .rodata.shoeImage
                0x000000000803b88c      0x200 ./Core/Src/icons.o
                0x000000000803b88c                shoeImage
 .rodata.heartImage
                0x000000000803ba8c      0x200 ./Core/Src/icons.o
                0x000000000803ba8c                heartImage
 .rodata.potionImage
                0x000000000803bc8c      0x200 ./Core/Src/icons.o
                0x000000000803bc8c                potionImage
 .rodata.wallImage1
                0x000000000803be8c      0x200 ./Core/Src/icons.o
                0x000000000803be8c                wallImage1
 .rodata.wallImage2
                0x000000000803c08c      0x200 ./Core/Src/icons.o
                0x000000000803c08c                wallImage2
 .rodata.grassImage
                0x000000000803c28c      0x200 ./Core/Src/icons.o
                0x000000000803c28c                grassImage
 .rodata.addBombImage
                0x000000000803c48c      0x200 ./Core/Src/icons.o
                0x000000000803c48c                addBombImage
 .rodata.winPage
                0x000000000803c68c    0x25800 ./Core/Src/icons.o
                0x000000000803c68c                winPage
 .rodata.setting_1
                0x0000000008061e8c    0x25800 ./Core/Src/icons.o
                0x0000000008061e8c                setting_1
 .rodata.setting_2
                0x000000000808768c     0x8340 ./Core/Src/icons.o
                0x000000000808768c                setting_2
 .rodata.AHBPrescTable
                0x000000000808f9cc       0x10 ./Core/Src/system_stm32f7xx.o
                0x000000000808f9cc                AHBPrescTable
 .rodata.APBPrescTable
                0x000000000808f9dc        0x8 ./Core/Src/system_stm32f7xx.o
                0x000000000808f9dc                APBPrescTable
 .rodata.font   0x000000000808f9e4      0x240 ./Drivers/ILI9341/ILI9341_GFX.o
 .rodata.flagBitshiftOffset.0
                0x000000000808fc24        0x8 ./Drivers/STM32F7xx_HAL_Driver/Src/stm32f7xx_hal_dma.o
 .rodata._printf_float.str1.1
                0x000000000808fc2c       0x12 /Applications/STM32CubeIDE.app/Contents/Eclipse/plugins/com.st.stm32cube.ide.mcu.externaltools.gnu-tools-for-stm32.11.3.rel1.macos64_1.1.0.202305231506/tools/bin/../lib/gcc/arm-none-eabi/11.3.1/../../../../arm-none-eabi/lib/thumb/v7e-m+dp/hard/libc_nano.a(libc_a-nano-vfprintf_float.o)
 .rodata._printf_i.str1.1
                0x000000000808fc3e       0x22 /Applications/STM32CubeIDE.app/Contents/Eclipse/plugins/com.st.stm32cube.ide.mcu.externaltools.gnu-tools-for-stm32.11.3.rel1.macos64_1.1.0.202305231506/tools/bin/../lib/gcc/arm-none-eabi/11.3.1/../../../../arm-none-eabi/lib/thumb/v7e-m+dp/hard/libc_nano.a(libc_a-nano-vfprintf_i.o)
 .rodata.srand.str1.1
                0x000000000808fc60       0x6f /Applications/STM32CubeIDE.app/Contents/Eclipse/plugins/com.st.stm32cube.ide.mcu.externaltools.gnu-tools-for-stm32.11.3.rel1.macos64_1.1.0.202305231506/tools/bin/../lib/gcc/arm-none-eabi/11.3.1/../../../../arm-none-eabi/lib/thumb/v7e-m+dp/hard/libc_nano.a(libc_a-rand.o)
 .rodata.__assert_func.str1.1
                0x000000000808fccf       0x3c /Applications/STM32CubeIDE.app/Contents/Eclipse/plugins/com.st.stm32cube.ide.mcu.externaltools.gnu-tools-for-stm32.11.3.rel1.macos64_1.1.0.202305231506/tools/bin/../lib/gcc/arm-none-eabi/11.3.1/../../../../arm-none-eabi/lib/thumb/v7e-m+dp/hard/libc_nano.a(libc_a-assert.o)
                                         0x3d (size before relaxing)
 .rodata._dtoa_r.str1.1
                0x000000000808fd0b       0x76 /Applications/STM32CubeIDE.app/Contents/Eclipse/plugins/com.st.stm32cube.ide.mcu.externaltools.gnu-tools-for-stm32.11.3.rel1.macos64_1.1.0.202305231506/tools/bin/../lib/gcc/arm-none-eabi/11.3.1/../../../../arm-none-eabi/lib/thumb/v7e-m+dp/hard/libc_nano.a(libc_a-dtoa.o)
                                         0x8f (size before relaxing)
 .rodata._svfprintf_r.str1.1
                0x000000000808fd81       0x11 /Applications/STM32CubeIDE.app/Contents/Eclipse/plugins/com.st.stm32cube.ide.mcu.externaltools.gnu-tools-for-stm32.11.3.rel1.macos64_1.1.0.202305231506/tools/bin/../lib/gcc/arm-none-eabi/11.3.1/../../../../arm-none-eabi/lib/thumb/v7e-m+dp/hard/libc_nano.a(libc_a-nano-svfprintf.o)
 .rodata._Balloc.str1.1
                0x000000000808fd92       0x59 /Applications/STM32CubeIDE.app/Contents/Eclipse/plugins/com.st.stm32cube.ide.mcu.externaltools.gnu-tools-for-stm32.11.3.rel1.macos64_1.1.0.202305231506/tools/bin/../lib/gcc/arm-none-eabi/11.3.1/../../../../arm-none-eabi/lib/thumb/v7e-m+dp/hard/libc_nano.a(libc_a-mprec.o)
                                         0x70 (size before relaxing)
 .rodata.__multadd.str1.1
                0x000000000808fdeb       0x11 /Applications/STM32CubeIDE.app/Contents/Eclipse/plugins/com.st.stm32cube.ide.mcu.externaltools.gnu-tools-for-stm32.11.3.rel1.macos64_1.1.0.202305231506/tools/bin/../lib/gcc/arm-none-eabi/11.3.1/../../../../arm-none-eabi/lib/thumb/v7e-m+dp/hard/libc_nano.a(libc_a-mprec.o)
 *fill*         0x000000000808fdeb        0x5 
 .rodata.__mprec_bigtens
                0x000000000808fdf0       0x28 /Applications/STM32CubeIDE.app/Contents/Eclipse/plugins/com.st.stm32cube.ide.mcu.externaltools.gnu-tools-for-stm32.11.3.rel1.macos64_1.1.0.202305231506/tools/bin/../lib/gcc/arm-none-eabi/11.3.1/../../../../arm-none-eabi/lib/thumb/v7e-m+dp/hard/libc_nano.a(libc_a-mprec.o)
                0x000000000808fdf0                __mprec_bigtens
 .rodata.__mprec_tens
                0x000000000808fe18       0xc8 /Applications/STM32CubeIDE.app/Contents/Eclipse/plugins/com.st.stm32cube.ide.mcu.externaltools.gnu-tools-for-stm32.11.3.rel1.macos64_1.1.0.202305231506/tools/bin/../lib/gcc/arm-none-eabi/11.3.1/../../../../arm-none-eabi/lib/thumb/v7e-m+dp/hard/libc_nano.a(libc_a-mprec.o)
                0x000000000808fe18                __mprec_tens
 .rodata.p05.0  0x000000000808fee0        0xc /Applications/STM32CubeIDE.app/Contents/Eclipse/plugins/com.st.stm32cube.ide.mcu.externaltools.gnu-tools-for-stm32.11.3.rel1.macos64_1.1.0.202305231506/tools/bin/../lib/gcc/arm-none-eabi/11.3.1/../../../../arm-none-eabi/lib/thumb/v7e-m+dp/hard/libc_nano.a(libc_a-mprec.o)
 .rodata._setlocale_r.str1.1
                0x000000000808feec        0x8 /Applications/STM32CubeIDE.app/Contents/Eclipse/plugins/com.st.stm32cube.ide.mcu.externaltools.gnu-tools-for-stm32.11.3.rel1.macos64_1.1.0.202305231506/tools/bin/../lib/gcc/arm-none-eabi/11.3.1/../../../../arm-none-eabi/lib/thumb/v7e-m+dp/hard/libc_nano.a(libc_a-locale.o)
                                          0x9 (size before relaxing)
 .rodata.str1.1
                0x000000000808fef4        0x2 /Applications/STM32CubeIDE.app/Contents/Eclipse/plugins/com.st.stm32cube.ide.mcu.externaltools.gnu-tools-for-stm32.11.3.rel1.macos64_1.1.0.202305231506/tools/bin/../lib/gcc/arm-none-eabi/11.3.1/../../../../arm-none-eabi/lib/thumb/v7e-m+dp/hard/libc_nano.a(libc_a-locale.o)
 .rodata._ctype_