../Core/Src/gameUtility.c:29:1:printVector	56	static
../Core/Src/gameUtility.c:34:9:Vector2_init	32	static
../Core/Src/gameUtility.c:38:9:Add	24	static
../Core/Src/gameUtility.c:43:9:Sub	24	static
../Core/Src/gameUtility.c:48:9:Multiply_int	24	static
../Core/Src/gameUtility.c:53:9:Multiply_vector	24	static
../Core/Src/gameUtility.c:58:9:Divide_int	24	static
../Core/Src/gameUtility.c:63:9:Divide_vector	24	static
../Core/Src/gameUtility.c:68:6:Equal	24	static
../Core/Src/gameUtility.c:71:9:getOffsetOrigin	32	static
../Core/Src/gameUtility.c:74:9:toIndex	48	static
../Core/Src/gameUtility.c:77:9:toPosition	40	static
../Core/Src/gameUtility.c:83:11:Transform_init	56	static
../Core/Src/gameUtility.c:90:5:getLeft	16	static
../Core/Src/gameUtility.c:103:5:getRight	16	static
../Core/Src/gameUtility.c:106:5:getTop	16	static
../Core/Src/gameUtility.c:119:5:getBottom	16	static
../Core/Src/gameUtility.c:122:9:getTransformOrigin	24	static
../Core/Src/gameUtility.c:126:6:Draw	48	static
../Core/Src/gameUtility.c:131:6:DrawImage	552	static
../Core/Src/gameUtility.c:154:6:isCollision	96	static
../Core/Src/gameUtility.c:171:6:Move	216	static
../Core/Src/gameUtility.c:244:6:CheckPlayerCollisionAt	56	static
../Core/Src/gameUtility.c:255:6:drawPlayers	120	dynamic
../Core/Src/gameUtility.c:299:6:drawCell	24	static
../Core/Src/gameUtility.c:331:6:setMap	40	static
../Core/Src/gameUtility.c:354:6:setObject	120	static
../Core/Src/gameUtility.c:396:6:clearObject	72	static
../Core/Src/gameUtility.c:446:1:placeBomb	32	static
../Core/Src/gameUtility.c:451:10:getCell	16	static
../Core/Src/gameUtility.c:459:1:detonate	72	static
../Core/Src/gameUtility.c:491:8:Player_init	144	static
../Core/Src/gameUtility.c:506:9:getPlayerIndex	16	static
../Core/Src/gameUtility.c:517:9:getIndexAtDirection	48	static
../Core/Src/gameUtility.c:523:6:updateMap	136	static
../Core/Src/gameUtility.c:641:11:BFSValue_init	40	static
../Core/Src/gameUtility.c:648:9:findNextIndex	1024	static
../Core/Src/gameUtility.c:782:10:PlayerUI_init	312	static
../Core/Src/gameUtility.c:798:6:DrawPlayerUI	48	static
