../Drivers/CMSIS/Include/core_cm7.h:2229:22:SCB_EnableICache	4	static,ignoring_inline_asm
../Drivers/CMSIS/Include/core_cm7.h:2281:22:SCB_EnableDCache	24	static,ignoring_inline_asm
../Core/Src/main.c:77:9:isTouchWithinRectangle	24	static
../Core/Src/main.c:82:6:checkMap	48	static
../Core/Src/main.c:133:5:checkStartGame	48	static
../Core/Src/main.c:176:6:setting_winPage	744	static
../Core/Src/main.c:713:6:HAL_TIM_PeriodElapsedCallback	24	static
../Core/Src/main.c:732:6:HAL_ADC_ConvCpltCallback	120	static
../Core/Src/main.c:780:6:HAL_GPIO_EXTI_Callback	32	static
../Core/Src/main.c:797:6:SetPlayers	328	static
../Core/Src/main.c:828:6:startGame	80	static
../Core/Src/main.c:849:5:main	8	static
../Core/Src/main.c:905:6:SystemClock_Config	88	static
../Core/Src/main.c:966:6:Error_Handler	4	static
